max slew

Pin                                    Limit    Slew   Slack
------------------------------------------------------------
_26205_/B                               1.50    8.48   -6.98 (VIOLATED)
_51401_/S0                              1.50    8.48   -6.98 (VIOLATED)
_51402_/S0                              1.50    8.48   -6.98 (VIOLATED)
_51403_/S0                              1.50    8.48   -6.98 (VIOLATED)
_51404_/S0                              1.50    8.48   -6.98 (VIOLATED)
_51405_/S0                              1.50    8.48   -6.98 (VIOLATED)
_51407_/S0                              1.50    8.48   -6.98 (VIOLATED)
_51408_/S0                              1.50    8.48   -6.98 (VIOLATED)
_51409_/S0                              1.50    8.48   -6.98 (VIOLATED)
_51410_/S0                              1.50    8.48   -6.98 (VIOLATED)
_51411_/S0                              1.50    8.48   -6.98 (VIOLATED)
_51413_/S0                              1.50    8.48   -6.98 (VIOLATED)
_51414_/S0                              1.50    8.48   -6.98 (VIOLATED)
_51415_/S0                              1.50    8.48   -6.98 (VIOLATED)
_51416_/S0                              1.50    8.48   -6.98 (VIOLATED)
_51417_/S0                              1.50    8.48   -6.98 (VIOLATED)
_51419_/S0                              1.50    8.48   -6.98 (VIOLATED)
_51420_/S0                              1.50    8.48   -6.98 (VIOLATED)
_51421_/S0                              1.50    8.48   -6.98 (VIOLATED)
_51422_/S0                              1.50    8.48   -6.98 (VIOLATED)
_51423_/S0                              1.50    8.48   -6.98 (VIOLATED)
_51425_/S0                              1.50    8.48   -6.98 (VIOLATED)
_51426_/S0                              1.50    8.48   -6.98 (VIOLATED)
_51427_/S0                              1.50    8.48   -6.98 (VIOLATED)
_51428_/S0                              1.50    8.48   -6.98 (VIOLATED)
_51429_/S0                              1.50    8.48   -6.98 (VIOLATED)
_51431_/S0                              1.50    8.48   -6.98 (VIOLATED)
_51432_/S0                              1.50    8.48   -6.98 (VIOLATED)
_51433_/S0                              1.50    8.48   -6.98 (VIOLATED)
_51434_/S0                              1.50    8.48   -6.98 (VIOLATED)
_51435_/S0                              1.50    8.48   -6.98 (VIOLATED)
_51437_/S0                              1.50    8.48   -6.98 (VIOLATED)
_51438_/S0                              1.50    8.48   -6.98 (VIOLATED)
_51439_/S0                              1.50    8.48   -6.98 (VIOLATED)
_51440_/S0                              1.50    8.48   -6.98 (VIOLATED)
_51441_/S0                              1.50    8.48   -6.98 (VIOLATED)
_51443_/S0                              1.50    8.48   -6.98 (VIOLATED)
_51444_/S0                              1.50    8.48   -6.98 (VIOLATED)
_51445_/S0                              1.50    8.48   -6.98 (VIOLATED)
_51446_/S0                              1.50    8.48   -6.98 (VIOLATED)
_51447_/S0                              1.50    8.48   -6.98 (VIOLATED)
_51449_/S0                              1.50    8.48   -6.98 (VIOLATED)
_51450_/S0                              1.50    8.48   -6.98 (VIOLATED)
_51451_/S0                              1.50    8.48   -6.98 (VIOLATED)
_51452_/S0                              1.50    8.48   -6.98 (VIOLATED)
_51453_/S0                              1.50    8.48   -6.98 (VIOLATED)
_51455_/S0                              1.50    8.48   -6.98 (VIOLATED)
_51456_/S0                              1.50    8.48   -6.98 (VIOLATED)
_51457_/S0                              1.50    8.48   -6.98 (VIOLATED)
_51458_/S0                              1.50    8.48   -6.98 (VIOLATED)
_51459_/S0                              1.50    8.48   -6.98 (VIOLATED)
_51461_/S0                              1.50    8.48   -6.98 (VIOLATED)
_51462_/S0                              1.50    8.48   -6.98 (VIOLATED)
_51463_/S0                              1.50    8.48   -6.98 (VIOLATED)
_51464_/S0                              1.50    8.48   -6.98 (VIOLATED)
_51465_/S0                              1.50    8.48   -6.98 (VIOLATED)
_51467_/S0                              1.50    8.48   -6.98 (VIOLATED)
_51468_/S0                              1.50    8.48   -6.98 (VIOLATED)
_51469_/S0                              1.50    8.48   -6.98 (VIOLATED)
_51470_/S0                              1.50    8.48   -6.98 (VIOLATED)
_51471_/S0                              1.50    8.48   -6.98 (VIOLATED)
_51473_/S0                              1.50    8.48   -6.98 (VIOLATED)
_51474_/S0                              1.50    8.48   -6.98 (VIOLATED)
_51475_/S0                              1.50    8.48   -6.98 (VIOLATED)
_51476_/S0                              1.50    8.48   -6.98 (VIOLATED)
_51477_/S0                              1.50    8.48   -6.98 (VIOLATED)
_51479_/S0                              1.50    8.48   -6.98 (VIOLATED)
_51480_/S0                              1.50    8.48   -6.98 (VIOLATED)
_51481_/S0                              1.50    8.48   -6.98 (VIOLATED)
_51482_/S0                              1.50    8.48   -6.98 (VIOLATED)
_51483_/S0                              1.50    8.48   -6.98 (VIOLATED)
_51485_/S0                              1.50    8.48   -6.98 (VIOLATED)
_51486_/S0                              1.50    8.48   -6.98 (VIOLATED)
_51487_/S0                              1.50    8.48   -6.98 (VIOLATED)
_51488_/S0                              1.50    8.48   -6.98 (VIOLATED)
_51489_/S0                              1.50    8.48   -6.98 (VIOLATED)
_51491_/S0                              1.50    8.48   -6.98 (VIOLATED)
_51492_/S0                              1.50    8.48   -6.98 (VIOLATED)
_51493_/S0                              1.50    8.48   -6.98 (VIOLATED)
_51494_/S0                              1.50    8.48   -6.98 (VIOLATED)
_51495_/S0                              1.50    8.48   -6.98 (VIOLATED)
_51497_/S0                              1.50    8.48   -6.98 (VIOLATED)
_51498_/S0                              1.50    8.48   -6.98 (VIOLATED)
_51499_/S0                              1.50    8.48   -6.98 (VIOLATED)
_51500_/S0                              1.50    8.48   -6.98 (VIOLATED)
_51501_/S0                              1.50    8.48   -6.98 (VIOLATED)
_51503_/S0                              1.50    8.48   -6.98 (VIOLATED)
_51504_/S0                              1.50    8.48   -6.98 (VIOLATED)
_51505_/S0                              1.50    8.48   -6.98 (VIOLATED)
_51506_/S0                              1.50    8.48   -6.98 (VIOLATED)
_51507_/S0                              1.50    8.48   -6.98 (VIOLATED)
_51509_/S0                              1.50    8.48   -6.98 (VIOLATED)
_51510_/S0                              1.50    8.48   -6.98 (VIOLATED)
_51511_/S0                              1.50    8.48   -6.98 (VIOLATED)
_51512_/S0                              1.50    8.48   -6.98 (VIOLATED)
_51513_/S0                              1.50    8.48   -6.98 (VIOLATED)
_51515_/S0                              1.50    8.48   -6.98 (VIOLATED)
_51516_/S0                              1.50    8.48   -6.98 (VIOLATED)
_51517_/S0                              1.50    8.48   -6.98 (VIOLATED)
_51518_/S0                              1.50    8.48   -6.98 (VIOLATED)
_51519_/S0                              1.50    8.48   -6.98 (VIOLATED)
_51521_/S0                              1.50    8.48   -6.98 (VIOLATED)
_51522_/S0                              1.50    8.48   -6.98 (VIOLATED)
_51523_/S0                              1.50    8.48   -6.98 (VIOLATED)
_51524_/S0                              1.50    8.48   -6.98 (VIOLATED)
_51525_/S0                              1.50    8.48   -6.98 (VIOLATED)
_51527_/S0                              1.50    8.48   -6.98 (VIOLATED)
_51528_/S0                              1.50    8.48   -6.98 (VIOLATED)
_51529_/S0                              1.50    8.48   -6.98 (VIOLATED)
_51530_/S0                              1.50    8.48   -6.98 (VIOLATED)
_51531_/S0                              1.50    8.48   -6.98 (VIOLATED)
_51533_/S0                              1.50    8.48   -6.98 (VIOLATED)
_51534_/S0                              1.50    8.48   -6.98 (VIOLATED)
_51535_/S0                              1.50    8.48   -6.98 (VIOLATED)
_51536_/S0                              1.50    8.48   -6.98 (VIOLATED)
_51537_/S0                              1.50    8.48   -6.98 (VIOLATED)
_51539_/S0                              1.50    8.48   -6.98 (VIOLATED)
_51540_/S0                              1.50    8.48   -6.98 (VIOLATED)
_51541_/S0                              1.50    8.48   -6.98 (VIOLATED)
_51542_/S0                              1.50    8.48   -6.98 (VIOLATED)
_51543_/S0                              1.50    8.48   -6.98 (VIOLATED)
_51545_/S0                              1.50    8.48   -6.98 (VIOLATED)
_51546_/S0                              1.50    8.48   -6.98 (VIOLATED)
_51547_/S0                              1.50    8.48   -6.98 (VIOLATED)
_51548_/S0                              1.50    8.48   -6.98 (VIOLATED)
_51549_/S0                              1.50    8.48   -6.98 (VIOLATED)
_51551_/S0                              1.50    8.48   -6.98 (VIOLATED)
_51552_/S0                              1.50    8.48   -6.98 (VIOLATED)
_51553_/S0                              1.50    8.48   -6.98 (VIOLATED)
_51554_/S0                              1.50    8.48   -6.98 (VIOLATED)
_51555_/S0                              1.50    8.48   -6.98 (VIOLATED)
_51557_/S0                              1.50    8.48   -6.98 (VIOLATED)
_51558_/S0                              1.50    8.48   -6.98 (VIOLATED)
_51559_/S0                              1.50    8.48   -6.98 (VIOLATED)
_51560_/S0                              1.50    8.48   -6.98 (VIOLATED)
_51561_/S0                              1.50    8.48   -6.98 (VIOLATED)
_51563_/S0                              1.50    8.48   -6.98 (VIOLATED)
_51564_/S0                              1.50    8.48   -6.98 (VIOLATED)
_51565_/S0                              1.50    8.48   -6.98 (VIOLATED)
_51566_/S0                              1.50    8.48   -6.98 (VIOLATED)
_51567_/S0                              1.50    8.48   -6.98 (VIOLATED)
_51569_/S0                              1.50    8.48   -6.98 (VIOLATED)
_51570_/S0                              1.50    8.48   -6.98 (VIOLATED)
_51571_/S0                              1.50    8.48   -6.98 (VIOLATED)
_51572_/S0                              1.50    8.48   -6.98 (VIOLATED)
_51573_/S0                              1.50    8.48   -6.98 (VIOLATED)
_51575_/S0                              1.50    8.48   -6.98 (VIOLATED)
_51576_/S0                              1.50    8.48   -6.98 (VIOLATED)
_51577_/S0                              1.50    8.48   -6.98 (VIOLATED)
_51578_/S0                              1.50    8.48   -6.98 (VIOLATED)
_51579_/S0                              1.50    8.48   -6.98 (VIOLATED)
_51581_/S0                              1.50    8.48   -6.98 (VIOLATED)
_51582_/S0                              1.50    8.48   -6.98 (VIOLATED)
_51583_/S0                              1.50    8.48   -6.98 (VIOLATED)
_51584_/S0                              1.50    8.48   -6.98 (VIOLATED)
_51585_/S0                              1.50    8.48   -6.98 (VIOLATED)
_51587_/S0                              1.50    8.48   -6.98 (VIOLATED)
_51588_/S0                              1.50    8.48   -6.98 (VIOLATED)
_51589_/S0                              1.50    8.48   -6.98 (VIOLATED)
_51590_/S0                              1.50    8.48   -6.98 (VIOLATED)
_51591_/S0                              1.50    8.48   -6.98 (VIOLATED)
_51099_/X                               1.51    8.48   -6.98 (VIOLATED)
_26205_/A                               1.50    5.71   -4.21 (VIOLATED)
_51401_/S1                              1.50    5.71   -4.21 (VIOLATED)
_51402_/S1                              1.50    5.71   -4.21 (VIOLATED)
_51403_/S1                              1.50    5.71   -4.21 (VIOLATED)
_51404_/S1                              1.50    5.71   -4.21 (VIOLATED)
_51405_/S1                              1.50    5.71   -4.21 (VIOLATED)
_51407_/S1                              1.50    5.71   -4.21 (VIOLATED)
_51408_/S1                              1.50    5.71   -4.21 (VIOLATED)
_51409_/S1                              1.50    5.71   -4.21 (VIOLATED)
_51410_/S1                              1.50    5.71   -4.21 (VIOLATED)
_51411_/S1                              1.50    5.71   -4.21 (VIOLATED)
_51413_/S1                              1.50    5.71   -4.21 (VIOLATED)
_51414_/S1                              1.50    5.71   -4.21 (VIOLATED)
_51415_/S1                              1.50    5.71   -4.21 (VIOLATED)
_51416_/S1                              1.50    5.71   -4.21 (VIOLATED)
_51417_/S1                              1.50    5.71   -4.21 (VIOLATED)
_51419_/S1                              1.50    5.71   -4.21 (VIOLATED)
_51420_/S1                              1.50    5.71   -4.21 (VIOLATED)
_51421_/S1                              1.50    5.71   -4.21 (VIOLATED)
_51422_/S1                              1.50    5.71   -4.21 (VIOLATED)
_51423_/S1                              1.50    5.71   -4.21 (VIOLATED)
_51425_/S1                              1.50    5.71   -4.21 (VIOLATED)
_51426_/S1                              1.50    5.71   -4.21 (VIOLATED)
_51427_/S1                              1.50    5.71   -4.21 (VIOLATED)
_51428_/S1                              1.50    5.71   -4.21 (VIOLATED)
_51429_/S1                              1.50    5.71   -4.21 (VIOLATED)
_51431_/S1                              1.50    5.71   -4.21 (VIOLATED)
_51432_/S1                              1.50    5.71   -4.21 (VIOLATED)
_51433_/S1                              1.50    5.71   -4.21 (VIOLATED)
_51434_/S1                              1.50    5.71   -4.21 (VIOLATED)
_51435_/S1                              1.50    5.71   -4.21 (VIOLATED)
_51437_/S1                              1.50    5.71   -4.21 (VIOLATED)
_51438_/S1                              1.50    5.71   -4.21 (VIOLATED)
_51439_/S1                              1.50    5.71   -4.21 (VIOLATED)
_51440_/S1                              1.50    5.71   -4.21 (VIOLATED)
_51441_/S1                              1.50    5.71   -4.21 (VIOLATED)
_51443_/S1                              1.50    5.71   -4.21 (VIOLATED)
_51444_/S1                              1.50    5.71   -4.21 (VIOLATED)
_51445_/S1                              1.50    5.71   -4.21 (VIOLATED)
_51446_/S1                              1.50    5.71   -4.21 (VIOLATED)
_51447_/S1                              1.50    5.71   -4.21 (VIOLATED)
_51449_/S1                              1.50    5.71   -4.21 (VIOLATED)
_51450_/S1                              1.50    5.71   -4.21 (VIOLATED)
_51451_/S1                              1.50    5.71   -4.21 (VIOLATED)
_51452_/S1                              1.50    5.71   -4.21 (VIOLATED)
_51453_/S1                              1.50    5.71   -4.21 (VIOLATED)
_51455_/S1                              1.50    5.71   -4.21 (VIOLATED)
_51456_/S1                              1.50    5.71   -4.21 (VIOLATED)
_51457_/S1                              1.50    5.71   -4.21 (VIOLATED)
_51458_/S1                              1.50    5.71   -4.21 (VIOLATED)
_51459_/S1                              1.50    5.71   -4.21 (VIOLATED)
_51461_/S1                              1.50    5.71   -4.21 (VIOLATED)
_51462_/S1                              1.50    5.71   -4.21 (VIOLATED)
_51463_/S1                              1.50    5.71   -4.21 (VIOLATED)
_51464_/S1                              1.50    5.71   -4.21 (VIOLATED)
_51465_/S1                              1.50    5.71   -4.21 (VIOLATED)
_51467_/S1                              1.50    5.71   -4.21 (VIOLATED)
_51468_/S1                              1.50    5.71   -4.21 (VIOLATED)
_51469_/S1                              1.50    5.71   -4.21 (VIOLATED)
_51470_/S1                              1.50    5.71   -4.21 (VIOLATED)
_51471_/S1                              1.50    5.71   -4.21 (VIOLATED)
_51473_/S1                              1.50    5.71   -4.21 (VIOLATED)
_51474_/S1                              1.50    5.71   -4.21 (VIOLATED)
_51475_/S1                              1.50    5.71   -4.21 (VIOLATED)
_51476_/S1                              1.50    5.71   -4.21 (VIOLATED)
_51477_/S1                              1.50    5.71   -4.21 (VIOLATED)
_51479_/S1                              1.50    5.71   -4.21 (VIOLATED)
_51480_/S1                              1.50    5.71   -4.21 (VIOLATED)
_51481_/S1                              1.50    5.71   -4.21 (VIOLATED)
_51482_/S1                              1.50    5.71   -4.21 (VIOLATED)
_51483_/S1                              1.50    5.71   -4.21 (VIOLATED)
_51485_/S1                              1.50    5.71   -4.21 (VIOLATED)
_51486_/S1                              1.50    5.71   -4.21 (VIOLATED)
_51487_/S1                              1.50    5.71   -4.21 (VIOLATED)
_51488_/S1                              1.50    5.71   -4.21 (VIOLATED)
_51489_/S1                              1.50    5.71   -4.21 (VIOLATED)
_51491_/S1                              1.50    5.71   -4.21 (VIOLATED)
_51492_/S1                              1.50    5.71   -4.21 (VIOLATED)
_51493_/S1                              1.50    5.71   -4.21 (VIOLATED)
_51494_/S1                              1.50    5.71   -4.21 (VIOLATED)
_51495_/S1                              1.50    5.71   -4.21 (VIOLATED)
_51497_/S1                              1.50    5.71   -4.21 (VIOLATED)
_51498_/S1                              1.50    5.71   -4.21 (VIOLATED)
_51499_/S1                              1.50    5.71   -4.21 (VIOLATED)
_51500_/S1                              1.50    5.71   -4.21 (VIOLATED)
_51501_/S1                              1.50    5.71   -4.21 (VIOLATED)
_51503_/S1                              1.50    5.71   -4.21 (VIOLATED)
_51504_/S1                              1.50    5.71   -4.21 (VIOLATED)
_51505_/S1                              1.50    5.71   -4.21 (VIOLATED)
_51506_/S1                              1.50    5.71   -4.21 (VIOLATED)
_51507_/S1                              1.50    5.71   -4.21 (VIOLATED)
_51509_/S1                              1.50    5.71   -4.21 (VIOLATED)
_51510_/S1                              1.50    5.71   -4.21 (VIOLATED)
_51511_/S1                              1.50    5.71   -4.21 (VIOLATED)
_51512_/S1                              1.50    5.71   -4.21 (VIOLATED)
_51513_/S1                              1.50    5.71   -4.21 (VIOLATED)
_51515_/S1                              1.50    5.71   -4.21 (VIOLATED)
_51516_/S1                              1.50    5.71   -4.21 (VIOLATED)
_51517_/S1                              1.50    5.71   -4.21 (VIOLATED)
_51518_/S1                              1.50    5.71   -4.21 (VIOLATED)
_51519_/S1                              1.50    5.71   -4.21 (VIOLATED)
_51521_/S1                              1.50    5.71   -4.21 (VIOLATED)
_51522_/S1                              1.50    5.71   -4.21 (VIOLATED)
_51523_/S1                              1.50    5.71   -4.21 (VIOLATED)
_51524_/S1                              1.50    5.71   -4.21 (VIOLATED)
_51525_/S1                              1.50    5.71   -4.21 (VIOLATED)
_51527_/S1                              1.50    5.71   -4.21 (VIOLATED)
_51528_/S1                              1.50    5.71   -4.21 (VIOLATED)
_51529_/S1                              1.50    5.71   -4.21 (VIOLATED)
_51530_/S1                              1.50    5.71   -4.21 (VIOLATED)
_51531_/S1                              1.50    5.71   -4.21 (VIOLATED)
_51533_/S1                              1.50    5.71   -4.21 (VIOLATED)
_51534_/S1                              1.50    5.71   -4.21 (VIOLATED)
_51535_/S1                              1.50    5.71   -4.21 (VIOLATED)
_51536_/S1                              1.50    5.71   -4.21 (VIOLATED)
_51537_/S1                              1.50    5.71   -4.21 (VIOLATED)
_51539_/S1                              1.50    5.71   -4.21 (VIOLATED)
_51540_/S1                              1.50    5.71   -4.21 (VIOLATED)
_51541_/S1                              1.50    5.71   -4.21 (VIOLATED)
_51542_/S1                              1.50    5.71   -4.21 (VIOLATED)
_51543_/S1                              1.50    5.71   -4.21 (VIOLATED)
_51545_/S1                              1.50    5.71   -4.21 (VIOLATED)
_51546_/S1                              1.50    5.71   -4.21 (VIOLATED)
_51547_/S1                              1.50    5.71   -4.21 (VIOLATED)
_51548_/S1                              1.50    5.71   -4.21 (VIOLATED)
_51549_/S1                              1.50    5.71   -4.21 (VIOLATED)
_51551_/S1                              1.50    5.71   -4.21 (VIOLATED)
_51552_/S1                              1.50    5.71   -4.21 (VIOLATED)
_51553_/S1                              1.50    5.71   -4.21 (VIOLATED)
_51554_/S1                              1.50    5.71   -4.21 (VIOLATED)
_51555_/S1                              1.50    5.71   -4.21 (VIOLATED)
_51557_/S1                              1.50    5.71   -4.21 (VIOLATED)
_51558_/S1                              1.50    5.71   -4.21 (VIOLATED)
_51559_/S1                              1.50    5.71   -4.21 (VIOLATED)
_51560_/S1                              1.50    5.71   -4.21 (VIOLATED)
_51561_/S1                              1.50    5.71   -4.21 (VIOLATED)
_51563_/S1                              1.50    5.71   -4.21 (VIOLATED)
_51564_/S1                              1.50    5.71   -4.21 (VIOLATED)
_51565_/S1                              1.50    5.71   -4.21 (VIOLATED)
_51566_/S1                              1.50    5.71   -4.21 (VIOLATED)
_51567_/S1                              1.50    5.71   -4.21 (VIOLATED)
_51569_/S1                              1.50    5.71   -4.21 (VIOLATED)
_51570_/S1                              1.50    5.71   -4.21 (VIOLATED)
_51571_/S1                              1.50    5.71   -4.21 (VIOLATED)
_51572_/S1                              1.50    5.71   -4.21 (VIOLATED)
_51573_/S1                              1.50    5.71   -4.21 (VIOLATED)
_51575_/S1                              1.50    5.71   -4.21 (VIOLATED)
_51576_/S1                              1.50    5.71   -4.21 (VIOLATED)
_51577_/S1                              1.50    5.71   -4.21 (VIOLATED)
_51578_/S1                              1.50    5.71   -4.21 (VIOLATED)
_51579_/S1                              1.50    5.71   -4.21 (VIOLATED)
_51581_/S1                              1.50    5.71   -4.21 (VIOLATED)
_51582_/S1                              1.50    5.71   -4.21 (VIOLATED)
_51583_/S1                              1.50    5.71   -4.21 (VIOLATED)
_51584_/S1                              1.50    5.71   -4.21 (VIOLATED)
_51585_/S1                              1.50    5.71   -4.21 (VIOLATED)
_51587_/S1                              1.50    5.71   -4.21 (VIOLATED)
_51588_/S1                              1.50    5.71   -4.21 (VIOLATED)
_51589_/S1                              1.50    5.71   -4.21 (VIOLATED)
_51590_/S1                              1.50    5.71   -4.21 (VIOLATED)
_51591_/S1                              1.50    5.71   -4.21 (VIOLATED)
_51098_/X                               1.51    5.71   -4.20 (VIOLATED)
_26061_/C                               1.50    2.79   -1.29 (VIOLATED)
_50805_/S                               1.50    2.79   -1.29 (VIOLATED)
_50809_/S                               1.50    2.79   -1.29 (VIOLATED)
_50813_/S                               1.50    2.79   -1.29 (VIOLATED)
_50817_/S                               1.50    2.79   -1.29 (VIOLATED)
_50821_/S                               1.50    2.79   -1.29 (VIOLATED)
_50825_/S                               1.50    2.79   -1.29 (VIOLATED)
_50829_/S                               1.50    2.79   -1.29 (VIOLATED)
_50833_/S                               1.50    2.79   -1.29 (VIOLATED)
_50837_/S                               1.50    2.79   -1.29 (VIOLATED)
_50841_/S                               1.50    2.79   -1.29 (VIOLATED)
_50845_/S                               1.50    2.79   -1.29 (VIOLATED)
_50849_/S                               1.50    2.79   -1.29 (VIOLATED)
_50853_/S                               1.50    2.79   -1.29 (VIOLATED)
_50857_/S                               1.50    2.79   -1.29 (VIOLATED)
_50861_/S                               1.50    2.79   -1.29 (VIOLATED)
_50865_/S                               1.50    2.79   -1.29 (VIOLATED)
_50869_/S                               1.50    2.79   -1.29 (VIOLATED)
_50875_/S                               1.50    2.79   -1.29 (VIOLATED)
_50881_/S                               1.50    2.79   -1.29 (VIOLATED)
_50887_/S                               1.50    2.79   -1.29 (VIOLATED)
_50893_/S                               1.50    2.79   -1.29 (VIOLATED)
_50899_/S                               1.50    2.79   -1.29 (VIOLATED)
_50905_/S                               1.50    2.79   -1.29 (VIOLATED)
_50911_/S                               1.50    2.79   -1.29 (VIOLATED)
_50917_/S                               1.50    2.79   -1.29 (VIOLATED)
_50923_/S                               1.50    2.79   -1.29 (VIOLATED)
_50929_/S                               1.50    2.79   -1.29 (VIOLATED)
_50935_/S                               1.50    2.79   -1.29 (VIOLATED)
_50941_/S                               1.50    2.79   -1.29 (VIOLATED)
_50947_/S                               1.50    2.79   -1.29 (VIOLATED)
_50953_/S                               1.50    2.79   -1.29 (VIOLATED)
_50959_/S                               1.50    2.79   -1.29 (VIOLATED)
_26060_/Y                               1.50    2.79   -1.29 (VIOLATED)
_36987_/B                               1.50    2.54   -1.04 (VIOLATED)
_50238_/S                               1.50    2.54   -1.04 (VIOLATED)
_50239_/S                               1.50    2.54   -1.04 (VIOLATED)
_50240_/S                               1.50    2.54   -1.04 (VIOLATED)
_50241_/S                               1.50    2.54   -1.04 (VIOLATED)
_50242_/S                               1.50    2.54   -1.04 (VIOLATED)
_50243_/S                               1.50    2.54   -1.04 (VIOLATED)
_50244_/S                               1.50    2.54   -1.04 (VIOLATED)
_50245_/S                               1.50    2.54   -1.04 (VIOLATED)
_50246_/S                               1.50    2.54   -1.04 (VIOLATED)
_50247_/S                               1.50    2.54   -1.04 (VIOLATED)
_50248_/S                               1.50    2.54   -1.04 (VIOLATED)
_50249_/S                               1.50    2.54   -1.04 (VIOLATED)
_50250_/S                               1.50    2.54   -1.04 (VIOLATED)
_50251_/S                               1.50    2.54   -1.04 (VIOLATED)
_50252_/S                               1.50    2.54   -1.04 (VIOLATED)
_50253_/S                               1.50    2.54   -1.04 (VIOLATED)
_50254_/S                               1.50    2.54   -1.04 (VIOLATED)
_50255_/S                               1.50    2.54   -1.04 (VIOLATED)
_50256_/S                               1.50    2.54   -1.04 (VIOLATED)
_50257_/S                               1.50    2.54   -1.04 (VIOLATED)
_50258_/S                               1.50    2.54   -1.04 (VIOLATED)
_50259_/S                               1.50    2.54   -1.04 (VIOLATED)
_50260_/S                               1.50    2.54   -1.04 (VIOLATED)
_50261_/S                               1.50    2.54   -1.04 (VIOLATED)
_50872_/S                               1.50    2.54   -1.04 (VIOLATED)
_50878_/S                               1.50    2.54   -1.04 (VIOLATED)
_50884_/S                               1.50    2.54   -1.04 (VIOLATED)
_50890_/S                               1.50    2.54   -1.04 (VIOLATED)
_50896_/S                               1.50    2.54   -1.04 (VIOLATED)
_50902_/S                               1.50    2.54   -1.04 (VIOLATED)
_50908_/S                               1.50    2.54   -1.04 (VIOLATED)
_50914_/S                               1.50    2.54   -1.04 (VIOLATED)
_50919_/S                               1.50    2.54   -1.04 (VIOLATED)
_50925_/S                               1.50    2.54   -1.04 (VIOLATED)
_50931_/S                               1.50    2.54   -1.04 (VIOLATED)
_50937_/S                               1.50    2.54   -1.04 (VIOLATED)
_50943_/S                               1.50    2.54   -1.04 (VIOLATED)
_50949_/S                               1.50    2.54   -1.04 (VIOLATED)
_50955_/S                               1.50    2.54   -1.04 (VIOLATED)
_50961_/S                               1.50    2.54   -1.04 (VIOLATED)
_35450_/X                               1.51    2.54   -1.03 (VIOLATED)
_36342_/C                               1.50    2.12   -0.62 (VIOLATED)
_50587_/S                               1.50    2.12   -0.62 (VIOLATED)
_51102_/S                               1.50    2.12   -0.62 (VIOLATED)
_51139_/S                               1.50    2.12   -0.62 (VIOLATED)
_51141_/S                               1.50    2.12   -0.62 (VIOLATED)
_51143_/S                               1.50    2.12   -0.62 (VIOLATED)
_51145_/S                               1.50    2.12   -0.62 (VIOLATED)
_51147_/S                               1.50    2.12   -0.62 (VIOLATED)
_51149_/S                               1.50    2.12   -0.62 (VIOLATED)
_51151_/S                               1.50    2.12   -0.62 (VIOLATED)
_51153_/S                               1.50    2.12   -0.62 (VIOLATED)
_51155_/S                               1.50    2.12   -0.62 (VIOLATED)
_51157_/S                               1.50    2.12   -0.62 (VIOLATED)
_51159_/S                               1.50    2.12   -0.62 (VIOLATED)
_51161_/S                               1.50    2.12   -0.62 (VIOLATED)
_51163_/S                               1.50    2.12   -0.62 (VIOLATED)
_51165_/S                               1.50    2.12   -0.62 (VIOLATED)
_51167_/S                               1.50    2.12   -0.62 (VIOLATED)
_51169_/S                               1.50    2.12   -0.62 (VIOLATED)
_51171_/S                               1.50    2.12   -0.62 (VIOLATED)
_51173_/S                               1.50    2.12   -0.62 (VIOLATED)
_51175_/S                               1.50    2.12   -0.62 (VIOLATED)
_51177_/S                               1.50    2.12   -0.62 (VIOLATED)
_51179_/S                               1.50    2.12   -0.62 (VIOLATED)
_51181_/S                               1.50    2.12   -0.62 (VIOLATED)
_51183_/S                               1.50    2.12   -0.62 (VIOLATED)
_51185_/S                               1.50    2.12   -0.62 (VIOLATED)
_51187_/S                               1.50    2.12   -0.62 (VIOLATED)
_51189_/S                               1.50    2.12   -0.62 (VIOLATED)
_51191_/S                               1.50    2.12   -0.62 (VIOLATED)
_51193_/S                               1.50    2.12   -0.62 (VIOLATED)
_51195_/S                               1.50    2.12   -0.62 (VIOLATED)
_51199_/S                               1.50    2.12   -0.62 (VIOLATED)
_51203_/S                               1.50    2.12   -0.62 (VIOLATED)
_33531_/X                               1.51    2.12   -0.61 (VIOLATED)
_33676_/A2                              1.50    2.06   -0.56 (VIOLATED)
_51205_/S                               1.50    2.06   -0.56 (VIOLATED)
_51207_/S                               1.50    2.06   -0.56 (VIOLATED)
_51209_/S                               1.50    2.06   -0.56 (VIOLATED)
_51211_/S                               1.50    2.06   -0.56 (VIOLATED)
_51213_/S                               1.50    2.06   -0.56 (VIOLATED)
_51215_/S                               1.50    2.06   -0.56 (VIOLATED)
_51217_/S                               1.50    2.06   -0.56 (VIOLATED)
_51219_/S                               1.50    2.06   -0.56 (VIOLATED)
_51221_/S                               1.50    2.06   -0.56 (VIOLATED)
_51223_/S                               1.50    2.06   -0.56 (VIOLATED)
_51225_/S                               1.50    2.06   -0.56 (VIOLATED)
_51227_/S                               1.50    2.06   -0.56 (VIOLATED)
_51229_/S                               1.50    2.06   -0.56 (VIOLATED)
_51231_/S                               1.50    2.06   -0.56 (VIOLATED)
_51233_/S                               1.50    2.06   -0.56 (VIOLATED)
_51235_/S                               1.50    2.06   -0.56 (VIOLATED)
_51237_/S                               1.50    2.06   -0.56 (VIOLATED)
_51239_/S                               1.50    2.06   -0.56 (VIOLATED)
_51241_/S                               1.50    2.06   -0.56 (VIOLATED)
_51243_/S                               1.50    2.06   -0.56 (VIOLATED)
_51245_/S                               1.50    2.06   -0.56 (VIOLATED)
_51247_/S                               1.50    2.06   -0.56 (VIOLATED)
_51249_/S                               1.50    2.06   -0.56 (VIOLATED)
_51251_/S                               1.50    2.06   -0.56 (VIOLATED)
_51253_/S                               1.50    2.06   -0.56 (VIOLATED)
_51255_/S                               1.50    2.06   -0.56 (VIOLATED)
_51257_/S                               1.50    2.06   -0.56 (VIOLATED)
_51259_/S                               1.50    2.06   -0.56 (VIOLATED)
_51261_/S                               1.50    2.06   -0.56 (VIOLATED)
_51263_/S                               1.50    2.06   -0.56 (VIOLATED)
_51265_/S                               1.50    2.06   -0.56 (VIOLATED)
_51267_/S                               1.50    2.06   -0.56 (VIOLATED)
_34362_/B                               1.50    2.06   -0.56 (VIOLATED)
_50801_/S                               1.50    2.06   -0.56 (VIOLATED)
_51032_/S                               1.50    2.06   -0.56 (VIOLATED)
_51033_/S                               1.50    2.06   -0.56 (VIOLATED)
_51034_/S                               1.50    2.06   -0.56 (VIOLATED)
_51035_/S                               1.50    2.06   -0.56 (VIOLATED)
_51036_/S                               1.50    2.06   -0.56 (VIOLATED)
_51037_/S                               1.50    2.06   -0.56 (VIOLATED)
_51038_/S                               1.50    2.06   -0.56 (VIOLATED)
_51039_/S                               1.50    2.06   -0.56 (VIOLATED)
_51040_/S                               1.50    2.06   -0.56 (VIOLATED)
_51041_/S                               1.50    2.06   -0.56 (VIOLATED)
_51042_/S                               1.50    2.06   -0.56 (VIOLATED)
_51043_/S                               1.50    2.06   -0.56 (VIOLATED)
_51044_/S                               1.50    2.06   -0.56 (VIOLATED)
_51045_/S                               1.50    2.06   -0.56 (VIOLATED)
_51046_/S                               1.50    2.06   -0.56 (VIOLATED)
_51047_/S                               1.50    2.06   -0.56 (VIOLATED)
_51048_/S                               1.50    2.06   -0.56 (VIOLATED)
_51049_/S                               1.50    2.06   -0.56 (VIOLATED)
_51050_/S                               1.50    2.06   -0.56 (VIOLATED)
_51051_/S                               1.50    2.06   -0.56 (VIOLATED)
_51052_/S                               1.50    2.06   -0.56 (VIOLATED)
_51053_/S                               1.50    2.06   -0.56 (VIOLATED)
_51054_/S                               1.50    2.06   -0.56 (VIOLATED)
_51055_/S                               1.50    2.06   -0.56 (VIOLATED)
_51056_/S                               1.50    2.06   -0.56 (VIOLATED)
_51057_/S                               1.50    2.06   -0.56 (VIOLATED)
_51058_/S                               1.50    2.06   -0.56 (VIOLATED)
_51059_/S                               1.50    2.06   -0.56 (VIOLATED)
_51060_/S                               1.50    2.06   -0.56 (VIOLATED)
_51061_/S                               1.50    2.06   -0.56 (VIOLATED)
_51062_/S                               1.50    2.06   -0.56 (VIOLATED)
_33337_/X                               1.51    2.06   -0.54 (VIOLATED)
_34360_/X                               1.51    2.06   -0.54 (VIOLATED)
_33644_/A                               1.50    2.00   -0.50 (VIOLATED)
_50262_/S                               1.50    2.00   -0.50 (VIOLATED)
_50263_/S                               1.50    2.00   -0.50 (VIOLATED)
_50264_/S                               1.50    2.00   -0.50 (VIOLATED)
_50265_/S                               1.50    2.00   -0.50 (VIOLATED)
_50266_/S                               1.50    2.00   -0.50 (VIOLATED)
_50267_/S                               1.50    2.00   -0.50 (VIOLATED)
_50268_/S                               1.50    2.00   -0.50 (VIOLATED)
_50269_/S                               1.50    2.00   -0.50 (VIOLATED)
_50270_/S                               1.50    2.00   -0.50 (VIOLATED)
_50271_/S                               1.50    2.00   -0.50 (VIOLATED)
_50272_/S                               1.50    2.00   -0.50 (VIOLATED)
_50273_/S                               1.50    2.00   -0.50 (VIOLATED)
_50274_/S                               1.50    2.00   -0.50 (VIOLATED)
_50275_/S                               1.50    2.00   -0.50 (VIOLATED)
_50276_/S                               1.50    2.00   -0.50 (VIOLATED)
_50277_/S                               1.50    2.00   -0.50 (VIOLATED)
_50278_/S                               1.50    2.00   -0.50 (VIOLATED)
_50279_/S                               1.50    2.00   -0.50 (VIOLATED)
_50280_/S                               1.50    2.00   -0.50 (VIOLATED)
_50281_/S                               1.50    2.00   -0.50 (VIOLATED)
_50282_/S                               1.50    2.00   -0.50 (VIOLATED)
_50283_/S                               1.50    2.00   -0.50 (VIOLATED)
_50284_/S                               1.50    2.00   -0.50 (VIOLATED)
_50285_/S                               1.50    2.00   -0.50 (VIOLATED)
_50286_/S                               1.50    2.00   -0.50 (VIOLATED)
_51112_/S                               1.50    2.00   -0.50 (VIOLATED)
_51113_/S                               1.50    2.00   -0.50 (VIOLATED)
_51114_/S                               1.50    2.00   -0.50 (VIOLATED)
_51115_/S                               1.50    2.00   -0.50 (VIOLATED)
_51116_/S                               1.50    2.00   -0.50 (VIOLATED)
_51117_/S                               1.50    2.00   -0.50 (VIOLATED)
_51118_/S                               1.50    2.00   -0.50 (VIOLATED)
_26061_/B                               1.50    2.00   -0.50 (VIOLATED)
_50804_/S                               1.50    2.00   -0.50 (VIOLATED)
_50808_/S                               1.50    2.00   -0.50 (VIOLATED)
_50812_/S                               1.50    2.00   -0.50 (VIOLATED)
_50816_/S                               1.50    2.00   -0.50 (VIOLATED)
_50820_/S                               1.50    2.00   -0.50 (VIOLATED)
_50824_/S                               1.50    2.00   -0.50 (VIOLATED)
_50828_/S                               1.50    2.00   -0.50 (VIOLATED)
_50832_/S                               1.50    2.00   -0.50 (VIOLATED)
_50836_/S                               1.50    2.00   -0.50 (VIOLATED)
_50840_/S                               1.50    2.00   -0.50 (VIOLATED)
_50844_/S                               1.50    2.00   -0.50 (VIOLATED)
_50848_/S                               1.50    2.00   -0.50 (VIOLATED)
_50852_/S                               1.50    2.00   -0.50 (VIOLATED)
_50856_/S                               1.50    2.00   -0.50 (VIOLATED)
_50860_/S                               1.50    2.00   -0.50 (VIOLATED)
_50864_/S                               1.50    2.00   -0.50 (VIOLATED)
_50868_/S                               1.50    2.00   -0.50 (VIOLATED)
_50874_/S                               1.50    2.00   -0.50 (VIOLATED)
_50880_/S                               1.50    2.00   -0.50 (VIOLATED)
_50886_/S                               1.50    2.00   -0.50 (VIOLATED)
_50892_/S                               1.50    2.00   -0.50 (VIOLATED)
_50898_/S                               1.50    2.00   -0.50 (VIOLATED)
_50904_/S                               1.50    2.00   -0.50 (VIOLATED)
_50910_/S                               1.50    2.00   -0.50 (VIOLATED)
_50916_/S                               1.50    2.00   -0.50 (VIOLATED)
_50922_/S                               1.50    2.00   -0.50 (VIOLATED)
_50928_/S                               1.50    2.00   -0.50 (VIOLATED)
_50934_/S                               1.50    2.00   -0.50 (VIOLATED)
_50940_/S                               1.50    2.00   -0.50 (VIOLATED)
_50946_/S                               1.50    2.00   -0.50 (VIOLATED)
_50952_/S                               1.50    2.00   -0.50 (VIOLATED)
_50958_/S                               1.50    2.00   -0.50 (VIOLATED)
_32252_/X                               1.51    2.00   -0.49 (VIOLATED)
_26054_/X                               1.51    2.00   -0.49 (VIOLATED)
_35463_/B                               1.50    1.88   -0.38 (VIOLATED)
_50179_/S                               1.50    1.88   -0.38 (VIOLATED)
_50181_/S                               1.50    1.88   -0.38 (VIOLATED)
_50183_/S                               1.50    1.88   -0.38 (VIOLATED)
_50185_/S                               1.50    1.88   -0.38 (VIOLATED)
_50187_/S                               1.50    1.88   -0.38 (VIOLATED)
_50189_/S                               1.50    1.88   -0.38 (VIOLATED)
_50191_/S                               1.50    1.88   -0.38 (VIOLATED)
_50193_/S                               1.50    1.88   -0.38 (VIOLATED)
_50195_/S                               1.50    1.88   -0.38 (VIOLATED)
_50197_/S                               1.50    1.88   -0.38 (VIOLATED)
_50199_/S                               1.50    1.88   -0.38 (VIOLATED)
_50201_/S                               1.50    1.88   -0.38 (VIOLATED)
_50203_/S                               1.50    1.88   -0.38 (VIOLATED)
_50205_/S                               1.50    1.88   -0.38 (VIOLATED)
_50207_/S                               1.50    1.88   -0.38 (VIOLATED)
_50209_/S                               1.50    1.88   -0.38 (VIOLATED)
_50211_/S                               1.50    1.88   -0.38 (VIOLATED)
_50213_/S                               1.50    1.88   -0.38 (VIOLATED)
_50215_/S                               1.50    1.88   -0.38 (VIOLATED)
_50217_/S                               1.50    1.88   -0.38 (VIOLATED)
_50219_/S                               1.50    1.88   -0.38 (VIOLATED)
_50221_/S                               1.50    1.88   -0.38 (VIOLATED)
_50223_/S                               1.50    1.88   -0.38 (VIOLATED)
_50225_/S                               1.50    1.88   -0.38 (VIOLATED)
_50227_/S                               1.50    1.88   -0.38 (VIOLATED)
_50229_/S                               1.50    1.88   -0.38 (VIOLATED)
_50231_/S                               1.50    1.88   -0.38 (VIOLATED)
_50233_/S                               1.50    1.88   -0.38 (VIOLATED)
_50235_/S                               1.50    1.88   -0.38 (VIOLATED)
_50237_/S                               1.50    1.88   -0.38 (VIOLATED)
_33658_/X                               1.51    1.88   -0.36 (VIOLATED)
_33488_/Y                               1.49    1.85   -0.36 (VIOLATED)
_33489_/D_N                             1.50    1.85   -0.35 (VIOLATED)
_51268_/S                               1.50    1.85   -0.35 (VIOLATED)
_51270_/S                               1.50    1.85   -0.35 (VIOLATED)
_51272_/S                               1.50    1.85   -0.35 (VIOLATED)
_51274_/S                               1.50    1.85   -0.35 (VIOLATED)
_51276_/S                               1.50    1.85   -0.35 (VIOLATED)
_51278_/S                               1.50    1.85   -0.35 (VIOLATED)
_51280_/S                               1.50    1.85   -0.35 (VIOLATED)
_51282_/S                               1.50    1.85   -0.35 (VIOLATED)
_51284_/S                               1.50    1.85   -0.35 (VIOLATED)
_51286_/S                               1.50    1.85   -0.35 (VIOLATED)
_51288_/S                               1.50    1.85   -0.35 (VIOLATED)
_51290_/S                               1.50    1.85   -0.35 (VIOLATED)
_51292_/S                               1.50    1.85   -0.35 (VIOLATED)
_51294_/S                               1.50    1.85   -0.35 (VIOLATED)
_51296_/S                               1.50    1.85   -0.35 (VIOLATED)
_51298_/S                               1.50    1.85   -0.35 (VIOLATED)
_51300_/S                               1.50    1.85   -0.35 (VIOLATED)
_51302_/S                               1.50    1.85   -0.35 (VIOLATED)
_51304_/S                               1.50    1.85   -0.35 (VIOLATED)
_51306_/S                               1.50    1.85   -0.35 (VIOLATED)
_51308_/S                               1.50    1.85   -0.35 (VIOLATED)
_51310_/S                               1.50    1.85   -0.35 (VIOLATED)
_51312_/S                               1.50    1.85   -0.35 (VIOLATED)
_51314_/S                               1.50    1.85   -0.35 (VIOLATED)
_51316_/S                               1.50    1.85   -0.35 (VIOLATED)
_51318_/S                               1.50    1.85   -0.35 (VIOLATED)
_51320_/S                               1.50    1.85   -0.35 (VIOLATED)
_51323_/S                               1.50    1.85   -0.35 (VIOLATED)
_51326_/S                               1.50    1.85   -0.35 (VIOLATED)
_51329_/S                               1.50    1.85   -0.35 (VIOLATED)
_51332_/S                               1.50    1.85   -0.35 (VIOLATED)
_51335_/S                               1.50    1.85   -0.35 (VIOLATED)
_28849_/A                               1.50    1.83   -0.33 (VIOLATED)
_37163_/B                               1.50    1.83   -0.33 (VIOLATED)
_50169_/A                               1.50    1.83   -0.33 (VIOLATED)
_50480_/S                               1.50    1.83   -0.33 (VIOLATED)
_50485_/S                               1.50    1.83   -0.33 (VIOLATED)
_50490_/S                               1.50    1.83   -0.33 (VIOLATED)
_50495_/S                               1.50    1.83   -0.33 (VIOLATED)
_50641_/S                               1.50    1.83   -0.33 (VIOLATED)
_50642_/S                               1.50    1.83   -0.33 (VIOLATED)
_50644_/S                               1.50    1.83   -0.33 (VIOLATED)
_50645_/S                               1.50    1.83   -0.33 (VIOLATED)
_50648_/S                               1.50    1.83   -0.33 (VIOLATED)
_50649_/S                               1.50    1.83   -0.33 (VIOLATED)
_50651_/S                               1.50    1.83   -0.33 (VIOLATED)
_50652_/S                               1.50    1.83   -0.33 (VIOLATED)
_50655_/S                               1.50    1.83   -0.33 (VIOLATED)
_50656_/S                               1.50    1.83   -0.33 (VIOLATED)
_50658_/S                               1.50    1.83   -0.33 (VIOLATED)
_50659_/S                               1.50    1.83   -0.33 (VIOLATED)
_50661_/S                               1.50    1.83   -0.33 (VIOLATED)
_50662_/S                               1.50    1.83   -0.33 (VIOLATED)
_50663_/S                               1.50    1.83   -0.33 (VIOLATED)
_50667_/S                               1.50    1.83   -0.33 (VIOLATED)
_50668_/S                               1.50    1.83   -0.33 (VIOLATED)
_50670_/S                               1.50    1.83   -0.33 (VIOLATED)
_50671_/S                               1.50    1.83   -0.33 (VIOLATED)
_50674_/S                               1.50    1.83   -0.33 (VIOLATED)
_50675_/S                               1.50    1.83   -0.33 (VIOLATED)
_50677_/S                               1.50    1.83   -0.33 (VIOLATED)
_50678_/S                               1.50    1.83   -0.33 (VIOLATED)
_50681_/S                               1.50    1.83   -0.33 (VIOLATED)
_50682_/S                               1.50    1.83   -0.33 (VIOLATED)
_50684_/S                               1.50    1.83   -0.33 (VIOLATED)
_50685_/S                               1.50    1.83   -0.33 (VIOLATED)
_50687_/S                               1.50    1.83   -0.33 (VIOLATED)
_50688_/S                               1.50    1.83   -0.33 (VIOLATED)
_50689_/S                               1.50    1.83   -0.33 (VIOLATED)
_50690_/S                               1.50    1.83   -0.33 (VIOLATED)
_50691_/S                               1.50    1.83   -0.33 (VIOLATED)
_50693_/S                               1.50    1.83   -0.33 (VIOLATED)
_50695_/S                               1.50    1.83   -0.33 (VIOLATED)
_50697_/S                               1.50    1.83   -0.33 (VIOLATED)
_50699_/S                               1.50    1.83   -0.33 (VIOLATED)
_50703_/S                               1.50    1.83   -0.33 (VIOLATED)
_50708_/S                               1.50    1.83   -0.33 (VIOLATED)
_50713_/S                               1.50    1.83   -0.33 (VIOLATED)
_50718_/S                               1.50    1.83   -0.33 (VIOLATED)
_50726_/S                               1.50    1.83   -0.33 (VIOLATED)
_50734_/S                               1.50    1.83   -0.33 (VIOLATED)
_50738_/S                               1.50    1.83   -0.33 (VIOLATED)
_50739_/S                               1.50    1.83   -0.33 (VIOLATED)
_50741_/S                               1.50    1.83   -0.33 (VIOLATED)
_50742_/S                               1.50    1.83   -0.33 (VIOLATED)
_50745_/S                               1.50    1.83   -0.33 (VIOLATED)
_50746_/S                               1.50    1.83   -0.33 (VIOLATED)
_50748_/S                               1.50    1.83   -0.33 (VIOLATED)
_50749_/S                               1.50    1.83   -0.33 (VIOLATED)
_50750_/S                               1.50    1.83   -0.33 (VIOLATED)
_50753_/S                               1.50    1.83   -0.33 (VIOLATED)
_50754_/S                               1.50    1.83   -0.33 (VIOLATED)
_50756_/S                               1.50    1.83   -0.33 (VIOLATED)
_50757_/S                               1.50    1.83   -0.33 (VIOLATED)
_50760_/S                               1.50    1.83   -0.33 (VIOLATED)
_50761_/S                               1.50    1.83   -0.33 (VIOLATED)
_50763_/S                               1.50    1.83   -0.33 (VIOLATED)
_50764_/S                               1.50    1.83   -0.33 (VIOLATED)
_52794_/Q                               1.51    1.83   -0.32 (VIOLATED)
_32794_/Y                               1.49    1.82   -0.32 (VIOLATED)
_32800_/A1                              1.50    1.82   -0.32 (VIOLATED)
_50414_/S                               1.50    1.82   -0.32 (VIOLATED)
_50415_/S                               1.50    1.82   -0.32 (VIOLATED)
_50416_/S                               1.50    1.82   -0.32 (VIOLATED)
_50417_/S                               1.50    1.82   -0.32 (VIOLATED)
_50418_/S                               1.50    1.82   -0.32 (VIOLATED)
_50419_/S                               1.50    1.82   -0.32 (VIOLATED)
_50420_/S                               1.50    1.82   -0.32 (VIOLATED)
_50421_/S                               1.50    1.82   -0.32 (VIOLATED)
_50422_/S                               1.50    1.82   -0.32 (VIOLATED)
_50423_/S                               1.50    1.82   -0.32 (VIOLATED)
_50424_/S                               1.50    1.82   -0.32 (VIOLATED)
_50425_/S                               1.50    1.82   -0.32 (VIOLATED)
_50426_/S                               1.50    1.82   -0.32 (VIOLATED)
_50427_/S                               1.50    1.82   -0.32 (VIOLATED)
_50428_/S                               1.50    1.82   -0.32 (VIOLATED)
_50429_/S                               1.50    1.82   -0.32 (VIOLATED)
_50430_/S                               1.50    1.82   -0.32 (VIOLATED)
_50431_/S                               1.50    1.82   -0.32 (VIOLATED)
_50432_/S                               1.50    1.82   -0.32 (VIOLATED)
_50433_/S                               1.50    1.82   -0.32 (VIOLATED)
_50434_/S                               1.50    1.82   -0.32 (VIOLATED)
_50435_/S                               1.50    1.82   -0.32 (VIOLATED)
_50436_/S                               1.50    1.82   -0.32 (VIOLATED)
_50437_/S                               1.50    1.82   -0.32 (VIOLATED)
_50438_/S                               1.50    1.82   -0.32 (VIOLATED)
_50439_/S                               1.50    1.82   -0.32 (VIOLATED)
_50440_/S                               1.50    1.82   -0.32 (VIOLATED)
_50441_/S                               1.50    1.82   -0.32 (VIOLATED)
_50442_/S                               1.50    1.82   -0.32 (VIOLATED)
_50443_/S                               1.50    1.82   -0.32 (VIOLATED)
_51025_/S                               1.50    1.82   -0.32 (VIOLATED)
_28842_/A                               1.50    1.80   -0.30 (VIOLATED)
_37163_/A                               1.50    1.80   -0.30 (VIOLATED)
_50170_/A                               1.50    1.80   -0.30 (VIOLATED)
_50472_/S                               1.50    1.80   -0.30 (VIOLATED)
_50476_/S                               1.50    1.80   -0.30 (VIOLATED)
_50481_/S                               1.50    1.80   -0.30 (VIOLATED)
_50486_/S                               1.50    1.80   -0.30 (VIOLATED)
_50491_/S                               1.50    1.80   -0.30 (VIOLATED)
_50496_/S                               1.50    1.80   -0.30 (VIOLATED)
_50500_/S                               1.50    1.80   -0.30 (VIOLATED)
_50504_/S                               1.50    1.80   -0.30 (VIOLATED)
_50618_/S                               1.50    1.80   -0.30 (VIOLATED)
_50619_/S                               1.50    1.80   -0.30 (VIOLATED)
_50621_/S                               1.50    1.80   -0.30 (VIOLATED)
_50622_/S                               1.50    1.80   -0.30 (VIOLATED)
_50624_/S                               1.50    1.80   -0.30 (VIOLATED)
_50625_/S                               1.50    1.80   -0.30 (VIOLATED)
_50626_/S                               1.50    1.80   -0.30 (VIOLATED)
_50629_/S                               1.50    1.80   -0.30 (VIOLATED)
_50630_/S                               1.50    1.80   -0.30 (VIOLATED)
_50632_/S                               1.50    1.80   -0.30 (VIOLATED)
_50633_/S                               1.50    1.80   -0.30 (VIOLATED)
_50635_/S                               1.50    1.80   -0.30 (VIOLATED)
_50636_/S                               1.50    1.80   -0.30 (VIOLATED)
_50637_/S                               1.50    1.80   -0.30 (VIOLATED)
_50640_/S                               1.50    1.80   -0.30 (VIOLATED)
_50643_/S                               1.50    1.80   -0.30 (VIOLATED)
_50647_/S                               1.50    1.80   -0.30 (VIOLATED)
_50650_/S                               1.50    1.80   -0.30 (VIOLATED)
_50654_/S                               1.50    1.80   -0.30 (VIOLATED)
_50657_/S                               1.50    1.80   -0.30 (VIOLATED)
_50660_/S                               1.50    1.80   -0.30 (VIOLATED)
_50666_/S                               1.50    1.80   -0.30 (VIOLATED)
_50669_/S                               1.50    1.80   -0.30 (VIOLATED)
_50673_/S                               1.50    1.80   -0.30 (VIOLATED)
_50676_/S                               1.50    1.80   -0.30 (VIOLATED)
_50680_/S                               1.50    1.80   -0.30 (VIOLATED)
_50683_/S                               1.50    1.80   -0.30 (VIOLATED)
_50686_/S                               1.50    1.80   -0.30 (VIOLATED)
_50692_/S                               1.50    1.80   -0.30 (VIOLATED)
_50694_/S                               1.50    1.80   -0.30 (VIOLATED)
_50696_/S                               1.50    1.80   -0.30 (VIOLATED)
_50698_/S                               1.50    1.80   -0.30 (VIOLATED)
_50702_/S                               1.50    1.80   -0.30 (VIOLATED)
_50707_/S                               1.50    1.80   -0.30 (VIOLATED)
_50712_/S                               1.50    1.80   -0.30 (VIOLATED)
_50717_/S                               1.50    1.80   -0.30 (VIOLATED)
_50721_/S                               1.50    1.80   -0.30 (VIOLATED)
_50722_/S                               1.50    1.80   -0.30 (VIOLATED)
_50724_/S                               1.50    1.80   -0.30 (VIOLATED)
_50725_/S                               1.50    1.80   -0.30 (VIOLATED)
_50727_/S                               1.50    1.80   -0.30 (VIOLATED)
_50729_/S                               1.50    1.80   -0.30 (VIOLATED)
_50730_/S                               1.50    1.80   -0.30 (VIOLATED)
_50732_/S                               1.50    1.80   -0.30 (VIOLATED)
_50733_/S                               1.50    1.80   -0.30 (VIOLATED)
_50735_/S                               1.50    1.80   -0.30 (VIOLATED)
_50737_/S                               1.50    1.80   -0.30 (VIOLATED)
_50740_/S                               1.50    1.80   -0.30 (VIOLATED)
_50744_/S                               1.50    1.80   -0.30 (VIOLATED)
_50747_/S                               1.50    1.80   -0.30 (VIOLATED)
_50752_/S                               1.50    1.80   -0.30 (VIOLATED)
_50755_/S                               1.50    1.80   -0.30 (VIOLATED)
_50759_/S                               1.50    1.80   -0.30 (VIOLATED)
_50762_/S                               1.50    1.80   -0.30 (VIOLATED)
_52795_/Q                               1.51    1.80   -0.30 (VIOLATED)
_28834_/A                               1.50    1.75   -0.25 (VIOLATED)
_37170_/A                               1.50    1.75   -0.25 (VIOLATED)
_50171_/A                               1.50    1.75   -0.25 (VIOLATED)
_50460_/S                               1.50    1.75   -0.25 (VIOLATED)
_50463_/S                               1.50    1.75   -0.25 (VIOLATED)
_50466_/S                               1.50    1.75   -0.25 (VIOLATED)
_50469_/S                               1.50    1.75   -0.25 (VIOLATED)
_50473_/S                               1.50    1.75   -0.25 (VIOLATED)
_50477_/S                               1.50    1.75   -0.25 (VIOLATED)
_50482_/S                               1.50    1.75   -0.25 (VIOLATED)
_50487_/S                               1.50    1.75   -0.25 (VIOLATED)
_50492_/S                               1.50    1.75   -0.25 (VIOLATED)
_50497_/S                               1.50    1.75   -0.25 (VIOLATED)
_50501_/S                               1.50    1.75   -0.25 (VIOLATED)
_50505_/S                               1.50    1.75   -0.25 (VIOLATED)
_50508_/S                               1.50    1.75   -0.25 (VIOLATED)
_50511_/S                               1.50    1.75   -0.25 (VIOLATED)
_50514_/S                               1.50    1.75   -0.25 (VIOLATED)
_50517_/S                               1.50    1.75   -0.25 (VIOLATED)
_50601_/S                               1.50    1.75   -0.25 (VIOLATED)
_50602_/S                               1.50    1.75   -0.25 (VIOLATED)
_50603_/S                               1.50    1.75   -0.25 (VIOLATED)
_50605_/S                               1.50    1.75   -0.25 (VIOLATED)
_50606_/S                               1.50    1.75   -0.25 (VIOLATED)
_50607_/S                               1.50    1.75   -0.25 (VIOLATED)
_50609_/S                               1.50    1.75   -0.25 (VIOLATED)
_50610_/S                               1.50    1.75   -0.25 (VIOLATED)
_50611_/S                               1.50    1.75   -0.25 (VIOLATED)
_50613_/S                               1.50    1.75   -0.25 (VIOLATED)
_50614_/S                               1.50    1.75   -0.25 (VIOLATED)
_50615_/S                               1.50    1.75   -0.25 (VIOLATED)
_50617_/S                               1.50    1.75   -0.25 (VIOLATED)
_50620_/S                               1.50    1.75   -0.25 (VIOLATED)
_50623_/S                               1.50    1.75   -0.25 (VIOLATED)
_50628_/S                               1.50    1.75   -0.25 (VIOLATED)
_50631_/S                               1.50    1.75   -0.25 (VIOLATED)
_50634_/S                               1.50    1.75   -0.25 (VIOLATED)
_50639_/S                               1.50    1.75   -0.25 (VIOLATED)
_50646_/S                               1.50    1.75   -0.25 (VIOLATED)
_50653_/S                               1.50    1.75   -0.25 (VIOLATED)
_50665_/S                               1.50    1.75   -0.25 (VIOLATED)
_50672_/S                               1.50    1.75   -0.25 (VIOLATED)
_50679_/S                               1.50    1.75   -0.25 (VIOLATED)
_50700_/S                               1.50    1.75   -0.25 (VIOLATED)
_50701_/S                               1.50    1.75   -0.25 (VIOLATED)
_50704_/S                               1.50    1.75   -0.25 (VIOLATED)
_50705_/S                               1.50    1.75   -0.25 (VIOLATED)
_50706_/S                               1.50    1.75   -0.25 (VIOLATED)
_50709_/S                               1.50    1.75   -0.25 (VIOLATED)
_50710_/S                               1.50    1.75   -0.25 (VIOLATED)
_50711_/S                               1.50    1.75   -0.25 (VIOLATED)
_50714_/S                               1.50    1.75   -0.25 (VIOLATED)
_50715_/S                               1.50    1.75   -0.25 (VIOLATED)
_50716_/S                               1.50    1.75   -0.25 (VIOLATED)
_50719_/S                               1.50    1.75   -0.25 (VIOLATED)
_50720_/S                               1.50    1.75   -0.25 (VIOLATED)
_50723_/S                               1.50    1.75   -0.25 (VIOLATED)
_50728_/S                               1.50    1.75   -0.25 (VIOLATED)
_50731_/S                               1.50    1.75   -0.25 (VIOLATED)
_50736_/S                               1.50    1.75   -0.25 (VIOLATED)
_50743_/S                               1.50    1.75   -0.25 (VIOLATED)
_50751_/S                               1.50    1.75   -0.25 (VIOLATED)
_50758_/S                               1.50    1.75   -0.25 (VIOLATED)
_52796_/Q                               1.51    1.75   -0.25 (VIOLATED)
_26204_/B                               1.50    1.74   -0.24 (VIOLATED)
_51406_/S0                              1.50    1.74   -0.24 (VIOLATED)
_51412_/S0                              1.50    1.74   -0.24 (VIOLATED)
_51418_/S0                              1.50    1.74   -0.24 (VIOLATED)
_51424_/S0                              1.50    1.74   -0.24 (VIOLATED)
_51430_/S0                              1.50    1.74   -0.24 (VIOLATED)
_51436_/S0                              1.50    1.74   -0.24 (VIOLATED)
_51442_/S0                              1.50    1.74   -0.24 (VIOLATED)
_51448_/S0                              1.50    1.74   -0.24 (VIOLATED)
_51454_/S0                              1.50    1.74   -0.24 (VIOLATED)
_51460_/S0                              1.50    1.74   -0.24 (VIOLATED)
_51466_/S0                              1.50    1.74   -0.24 (VIOLATED)
_51472_/S0                              1.50    1.74   -0.24 (VIOLATED)
_51478_/S0                              1.50    1.74   -0.24 (VIOLATED)
_51484_/S0                              1.50    1.74   -0.24 (VIOLATED)
_51490_/S0                              1.50    1.74   -0.24 (VIOLATED)
_51496_/S0                              1.50    1.74   -0.24 (VIOLATED)
_51502_/S0                              1.50    1.74   -0.24 (VIOLATED)
_51508_/S0                              1.50    1.74   -0.24 (VIOLATED)
_51514_/S0                              1.50    1.74   -0.24 (VIOLATED)
_51520_/S0                              1.50    1.74   -0.24 (VIOLATED)
_51526_/S0                              1.50    1.74   -0.24 (VIOLATED)
_51532_/S0                              1.50    1.74   -0.24 (VIOLATED)
_51538_/S0                              1.50    1.74   -0.24 (VIOLATED)
_51544_/S0                              1.50    1.74   -0.24 (VIOLATED)
_51550_/S0                              1.50    1.74   -0.24 (VIOLATED)
_51556_/S0                              1.50    1.74   -0.24 (VIOLATED)
_51562_/S0                              1.50    1.74   -0.24 (VIOLATED)
_51568_/S0                              1.50    1.74   -0.24 (VIOLATED)
_51574_/S0                              1.50    1.74   -0.24 (VIOLATED)
_51580_/S0                              1.50    1.74   -0.24 (VIOLATED)
_51586_/S0                              1.50    1.74   -0.24 (VIOLATED)
_51592_/S0                              1.50    1.74   -0.24 (VIOLATED)
_51097_/X                               1.51    1.74   -0.23 (VIOLATED)
_33391_/B                               1.50    1.68   -0.18 (VIOLATED)
_50177_/S                               1.50    1.68   -0.18 (VIOLATED)
_51101_/S                               1.50    1.68   -0.18 (VIOLATED)
_51198_/S                               1.50    1.68   -0.18 (VIOLATED)
_51202_/S                               1.50    1.68   -0.18 (VIOLATED)
_51593_/S1                              1.50    1.68   -0.18 (VIOLATED)
_51594_/S1                              1.50    1.68   -0.18 (VIOLATED)
_51595_/S1                              1.50    1.68   -0.18 (VIOLATED)
_51596_/S1                              1.50    1.68   -0.18 (VIOLATED)
_51597_/S1                              1.50    1.68   -0.18 (VIOLATED)
_51598_/S1                              1.50    1.68   -0.18 (VIOLATED)
_51599_/S1                              1.50    1.68   -0.18 (VIOLATED)
_51600_/S1                              1.50    1.68   -0.18 (VIOLATED)
_51601_/S1                              1.50    1.68   -0.18 (VIOLATED)
_51602_/S1                              1.50    1.68   -0.18 (VIOLATED)
_51603_/S1                              1.50    1.68   -0.18 (VIOLATED)
_51604_/S1                              1.50    1.68   -0.18 (VIOLATED)
_51605_/S1                              1.50    1.68   -0.18 (VIOLATED)
_51606_/S1                              1.50    1.68   -0.18 (VIOLATED)
_51607_/S1                              1.50    1.68   -0.18 (VIOLATED)
_51608_/S1                              1.50    1.68   -0.18 (VIOLATED)
_51609_/S1                              1.50    1.68   -0.18 (VIOLATED)
_51610_/S1                              1.50    1.68   -0.18 (VIOLATED)
_51611_/S1                              1.50    1.68   -0.18 (VIOLATED)
_51612_/S1                              1.50    1.68   -0.18 (VIOLATED)
_51613_/S1                              1.50    1.68   -0.18 (VIOLATED)
_51614_/S1                              1.50    1.68   -0.18 (VIOLATED)
_51615_/S1                              1.50    1.68   -0.18 (VIOLATED)
_51616_/S1                              1.50    1.68   -0.18 (VIOLATED)
_51617_/S1                              1.50    1.68   -0.18 (VIOLATED)
_51618_/S1                              1.50    1.68   -0.18 (VIOLATED)
_51619_/S1                              1.50    1.68   -0.18 (VIOLATED)
_51620_/S1                              1.50    1.68   -0.18 (VIOLATED)
_51621_/S1                              1.50    1.68   -0.18 (VIOLATED)
_33390_/X                               1.51    1.68   -0.16 (VIOLATED)
_28827_/A                               1.50    1.65   -0.15 (VIOLATED)
_37179_/A                               1.50    1.65   -0.15 (VIOLATED)
_50172_/A                               1.50    1.65   -0.15 (VIOLATED)
_50444_/S                               1.50    1.65   -0.15 (VIOLATED)
_50446_/S                               1.50    1.65   -0.15 (VIOLATED)
_50448_/S                               1.50    1.65   -0.15 (VIOLATED)
_50450_/S                               1.50    1.65   -0.15 (VIOLATED)
_50452_/S                               1.50    1.65   -0.15 (VIOLATED)
_50454_/S                               1.50    1.65   -0.15 (VIOLATED)
_50456_/S                               1.50    1.65   -0.15 (VIOLATED)
_50458_/S                               1.50    1.65   -0.15 (VIOLATED)
_50461_/S                               1.50    1.65   -0.15 (VIOLATED)
_50464_/S                               1.50    1.65   -0.15 (VIOLATED)
_50467_/S                               1.50    1.65   -0.15 (VIOLATED)
_50470_/S                               1.50    1.65   -0.15 (VIOLATED)
_50474_/S                               1.50    1.65   -0.15 (VIOLATED)
_50478_/S                               1.50    1.65   -0.15 (VIOLATED)
_50483_/S                               1.50    1.65   -0.15 (VIOLATED)
_50488_/S                               1.50    1.65   -0.15 (VIOLATED)
_50493_/S                               1.50    1.65   -0.15 (VIOLATED)
_50498_/S                               1.50    1.65   -0.15 (VIOLATED)
_50502_/S                               1.50    1.65   -0.15 (VIOLATED)
_50506_/S                               1.50    1.65   -0.15 (VIOLATED)
_50509_/S                               1.50    1.65   -0.15 (VIOLATED)
_50512_/S                               1.50    1.65   -0.15 (VIOLATED)
_50515_/S                               1.50    1.65   -0.15 (VIOLATED)
_50518_/S                               1.50    1.65   -0.15 (VIOLATED)
_50520_/S                               1.50    1.65   -0.15 (VIOLATED)
_50522_/S                               1.50    1.65   -0.15 (VIOLATED)
_50524_/S                               1.50    1.65   -0.15 (VIOLATED)
_50526_/S                               1.50    1.65   -0.15 (VIOLATED)
_50528_/S                               1.50    1.65   -0.15 (VIOLATED)
_50530_/S                               1.50    1.65   -0.15 (VIOLATED)
_50532_/S                               1.50    1.65   -0.15 (VIOLATED)
_50534_/S                               1.50    1.65   -0.15 (VIOLATED)
_50592_/S                               1.50    1.65   -0.15 (VIOLATED)
_50593_/S                               1.50    1.65   -0.15 (VIOLATED)
_50594_/S                               1.50    1.65   -0.15 (VIOLATED)
_50595_/S                               1.50    1.65   -0.15 (VIOLATED)
_50596_/S                               1.50    1.65   -0.15 (VIOLATED)
_50597_/S                               1.50    1.65   -0.15 (VIOLATED)
_50598_/S                               1.50    1.65   -0.15 (VIOLATED)
_50599_/S                               1.50    1.65   -0.15 (VIOLATED)
_50600_/S                               1.50    1.65   -0.15 (VIOLATED)
_50604_/S                               1.50    1.65   -0.15 (VIOLATED)
_50608_/S                               1.50    1.65   -0.15 (VIOLATED)
_50612_/S                               1.50    1.65   -0.15 (VIOLATED)
_50616_/S                               1.50    1.65   -0.15 (VIOLATED)
_50627_/S                               1.50    1.65   -0.15 (VIOLATED)
_50638_/S                               1.50    1.65   -0.15 (VIOLATED)
_50664_/S                               1.50    1.65   -0.15 (VIOLATED)
_51126_/S                               1.50    1.65   -0.15 (VIOLATED)
_51127_/S                               1.50    1.65   -0.15 (VIOLATED)
_51128_/S                               1.50    1.65   -0.15 (VIOLATED)
_51129_/S                               1.50    1.65   -0.15 (VIOLATED)
_51130_/S                               1.50    1.65   -0.15 (VIOLATED)
_51131_/S                               1.50    1.65   -0.15 (VIOLATED)
_51132_/S                               1.50    1.65   -0.15 (VIOLATED)
_51133_/S                               1.50    1.65   -0.15 (VIOLATED)
_52797_/Q                               1.51    1.65   -0.14 (VIOLATED)
_51593_/S0                              1.50    1.56   -0.06 (VIOLATED)
_51594_/S0                              1.50    1.56   -0.06 (VIOLATED)
_51595_/S0                              1.50    1.56   -0.06 (VIOLATED)
_51596_/S0                              1.50    1.56   -0.06 (VIOLATED)
_51597_/S0                              1.50    1.56   -0.06 (VIOLATED)
_51598_/S0                              1.50    1.56   -0.06 (VIOLATED)
_51599_/S0                              1.50    1.56   -0.06 (VIOLATED)
_51600_/S0                              1.50    1.56   -0.06 (VIOLATED)
_51601_/S0                              1.50    1.56   -0.06 (VIOLATED)
_51602_/S0                              1.50    1.56   -0.06 (VIOLATED)
_51603_/S0                              1.50    1.56   -0.06 (VIOLATED)
_51604_/S0                              1.50    1.56   -0.06 (VIOLATED)
_51605_/S0                              1.50    1.56   -0.06 (VIOLATED)
_51606_/S0                              1.50    1.56   -0.06 (VIOLATED)
_51607_/S0                              1.50    1.56   -0.06 (VIOLATED)
_51608_/S0                              1.50    1.56   -0.06 (VIOLATED)
_51609_/S0                              1.50    1.56   -0.06 (VIOLATED)
_51610_/S0                              1.50    1.56   -0.06 (VIOLATED)
_51611_/S0                              1.50    1.56   -0.06 (VIOLATED)
_51612_/S0                              1.50    1.56   -0.06 (VIOLATED)
_51613_/S0                              1.50    1.56   -0.06 (VIOLATED)
_51614_/S0                              1.50    1.56   -0.06 (VIOLATED)
_51615_/S0                              1.50    1.56   -0.06 (VIOLATED)
_51616_/S0                              1.50    1.56   -0.06 (VIOLATED)
_51617_/S0                              1.50    1.56   -0.06 (VIOLATED)
_51618_/S0                              1.50    1.56   -0.06 (VIOLATED)
_51619_/S0                              1.50    1.56   -0.06 (VIOLATED)
_51620_/S0                              1.50    1.56   -0.06 (VIOLATED)
_51621_/S0                              1.50    1.56   -0.06 (VIOLATED)
_50177_/X                               1.51    1.56   -0.05 (VIOLATED)
_26204_/C_N                             1.50    1.50   -0.00 (VIOLATED)
_51063_/S                               1.50    1.50   -0.00 (VIOLATED)
_51064_/S                               1.50    1.50   -0.00 (VIOLATED)
_51065_/S                               1.50    1.50   -0.00 (VIOLATED)
_51066_/S                               1.50    1.50   -0.00 (VIOLATED)
_51067_/S                               1.50    1.50   -0.00 (VIOLATED)
_51068_/S                               1.50    1.50   -0.00 (VIOLATED)
_51069_/S                               1.50    1.50   -0.00 (VIOLATED)
_51070_/S                               1.50    1.50   -0.00 (VIOLATED)
_51071_/S                               1.50    1.50   -0.00 (VIOLATED)
_51072_/S                               1.50    1.50   -0.00 (VIOLATED)
_51073_/S                               1.50    1.50   -0.00 (VIOLATED)
_51074_/S                               1.50    1.50   -0.00 (VIOLATED)
_51075_/S                               1.50    1.50   -0.00 (VIOLATED)
_51076_/S                               1.50    1.50   -0.00 (VIOLATED)
_51077_/S                               1.50    1.50   -0.00 (VIOLATED)
_51078_/S                               1.50    1.50   -0.00 (VIOLATED)
_51079_/S                               1.50    1.50   -0.00 (VIOLATED)
_51080_/S                               1.50    1.50   -0.00 (VIOLATED)
_51081_/S                               1.50    1.50   -0.00 (VIOLATED)
_51082_/S                               1.50    1.50   -0.00 (VIOLATED)
_51083_/S                               1.50    1.50   -0.00 (VIOLATED)
_51084_/S                               1.50    1.50   -0.00 (VIOLATED)
_51085_/S                               1.50    1.50   -0.00 (VIOLATED)
_51086_/S                               1.50    1.50   -0.00 (VIOLATED)
_51087_/S                               1.50    1.50   -0.00 (VIOLATED)
_51088_/S                               1.50    1.50   -0.00 (VIOLATED)
_51089_/S                               1.50    1.50   -0.00 (VIOLATED)
_51090_/S                               1.50    1.50   -0.00 (VIOLATED)
_51091_/S                               1.50    1.50   -0.00 (VIOLATED)
_51092_/S                               1.50    1.50   -0.00 (VIOLATED)
_51093_/S                               1.50    1.50   -0.00 (VIOLATED)
_51094_/S                               1.50    1.50   -0.00 (VIOLATED)

max capacitance

Pin                                    Limit     Cap   Slack
------------------------------------------------------------
_51099_/X                               0.23    0.63   -0.39 (VIOLATED)
_51098_/X                               0.23    0.42   -0.19 (VIOLATED)

