Startpoint: _31205_ (rising edge-triggered flip-flop clocked by clk)
Endpoint: _31205_ (rising edge-triggered flip-flop clocked by clk)
Path Group: clk
Path Type: min

Fanout     Cap    Slew   Delay    Time   Description
-----------------------------------------------------------------------------
                  0.00    0.00    0.00   clock clk (rise edge)
                          0.00    0.00   clock network delay (ideal)
                  0.00    0.00    0.00 ^ _31205_/CLK (sky130_fd_sc_hd__dfxtp_1)
                  0.01    0.16    0.16 ^ _31205_/Q (sky130_fd_sc_hd__dfxtp_1)
     2    0.00                           cpuregs[0][10] (net)
                  0.01    0.00    0.16 ^ _18481_/A (sky130_fd_sc_hd__clkbuf_1)
                  0.03    0.04    0.20 ^ _18481_/X (sky130_fd_sc_hd__clkbuf_1)
     1    0.00                           _02845_ (net)
                  0.03    0.00    0.20 ^ _31205_/D (sky130_fd_sc_hd__dfxtp_1)
                                  0.20   data arrival time

                  0.00    0.00    0.00   clock clk (rise edge)
                          0.00    0.00   clock network delay (ideal)
                          0.00    0.00   clock reconvergence pessimism
                                  0.00 ^ _31205_/CLK (sky130_fd_sc_hd__dfxtp_1)
                         -0.02   -0.02   library hold time
                                 -0.02   data required time
-----------------------------------------------------------------------------
                                 -0.02   data required time
                                 -0.20   data arrival time
-----------------------------------------------------------------------------
                                  0.22   slack (MET)


Startpoint: _30943_ (rising edge-triggered flip-flop clocked by clk)
Endpoint: _32349_ (rising edge-triggered flip-flop clocked by clk)
Path Group: clk
Path Type: max

Fanout     Cap    Slew   Delay    Time   Description
-----------------------------------------------------------------------------
                  0.00    0.00    0.00   clock clk (rise edge)
                          0.00    0.00   clock network delay (ideal)
                  0.00    0.00    0.00 ^ _30943_/CLK (sky130_fd_sc_hd__dfxtp_2)
                  0.16    0.67    0.67 v _30943_/Q (sky130_fd_sc_hd__dfxtp_2)
     5    0.03                           alu_out_q[2] (net)
                  0.16    0.00    0.68 v _30323_/A1 (sky130_fd_sc_hd__mux2_1)
                  0.14    0.72    1.39 v _30323_/X (sky130_fd_sc_hd__mux2_1)
     2    0.00                           _00293_ (net)
                  0.14    0.00    1.39 v _30322_/A1 (sky130_fd_sc_hd__mux2_1)
                  0.10    0.66    2.05 v _30322_/X (sky130_fd_sc_hd__mux2_1)
     1    0.00                           _00294_ (net)
                  0.10    0.00    2.05 v _19592_/B (sky130_fd_sc_hd__and2_1)
                  0.06    0.32    2.37 v _19592_/X (sky130_fd_sc_hd__and2_1)
     1    0.00                           _00295_ (net)
                  0.06    0.00    2.37 v _29613_/A0 (sky130_fd_sc_hd__mux2_2)
                  0.14    0.61    2.98 v _29613_/X (sky130_fd_sc_hd__mux2_2)
     4    0.01                           _02560_ (net)
                  0.14    0.00    2.98 v _19974_/A (sky130_fd_sc_hd__xnor2_1)
                  0.15    0.29    3.27 v _19974_/Y (sky130_fd_sc_hd__xnor2_1)
     2    0.01                           _15017_ (net)
                  0.15    0.00    3.27 v _19979_/A_N (sky130_fd_sc_hd__nand3b_2)
                  0.10    0.42    3.69 v _19979_/Y (sky130_fd_sc_hd__nand3b_2)
     2    0.00                           _15019_ (net)
                  0.10    0.00    3.69 v _19986_/B2 (sky130_fd_sc_hd__a2bb2oi_1)
                  0.21    0.24    3.93 ^ _19986_/Y (sky130_fd_sc_hd__a2bb2oi_1)
     1    0.00                           _15024_ (net)
                  0.21    0.00    3.93 ^ _19987_/B1 (sky130_fd_sc_hd__a21o_1)
                  0.13    0.25    4.18 ^ _19987_/X (sky130_fd_sc_hd__a21o_1)
     2    0.01                           _15025_ (net)
                  0.13    0.00    4.18 ^ _19993_/B1 (sky130_fd_sc_hd__o21ai_1)
                  0.11    0.16    4.33 v _19993_/Y (sky130_fd_sc_hd__o21ai_1)
     1    0.00                           _15029_ (net)
                  0.11    0.00    4.33 v _19994_/B1 (sky130_fd_sc_hd__o21ai_1)
                  0.32    0.22    4.55 ^ _19994_/Y (sky130_fd_sc_hd__o21ai_1)
     2    0.01                           _15030_ (net)
                  0.32    0.00    4.55 ^ _20001_/B1 (sky130_fd_sc_hd__o21ai_1)
                  0.15    0.24    4.80 v _20001_/Y (sky130_fd_sc_hd__o21ai_1)
     1    0.00                           _15035_ (net)
                  0.15    0.00    4.80 v _20002_/B1 (sky130_fd_sc_hd__o21ai_2)
                  0.25    0.16    4.96 ^ _20002_/Y (sky130_fd_sc_hd__o21ai_2)
     2    0.01                           _15036_ (net)
                  0.25    0.00    4.96 ^ _20009_/A1 (sky130_fd_sc_hd__a21o_1)
                  0.12    0.32    5.28 ^ _20009_/X (sky130_fd_sc_hd__a21o_1)
     2    0.01                           _15041_ (net)
                  0.12    0.00    5.28 ^ _20016_/B1 (sky130_fd_sc_hd__o21ai_1)
                  0.13    0.17    5.45 v _20016_/Y (sky130_fd_sc_hd__o21ai_1)
     1    0.00                           _15046_ (net)
                  0.13    0.00    5.45 v _20017_/B1 (sky130_fd_sc_hd__o21ai_2)
                  0.25    0.15    5.60 ^ _20017_/Y (sky130_fd_sc_hd__o21ai_2)
     2    0.01                           _15047_ (net)
                  0.25    0.00    5.60 ^ _20023_/A1 (sky130_fd_sc_hd__a21o_1)
                  0.13    0.33    5.92 ^ _20023_/X (sky130_fd_sc_hd__a21o_1)
     2    0.01                           _15051_ (net)
                  0.13    0.00    5.92 ^ _20032_/A1 (sky130_fd_sc_hd__a21o_1)
                  0.14    0.29    6.21 ^ _20032_/X (sky130_fd_sc_hd__a21o_1)
     2    0.01                           _15058_ (net)
                  0.14    0.00    6.21 ^ _20038_/A1 (sky130_fd_sc_hd__a21o_1)
                  0.14    0.29    6.50 ^ _20038_/X (sky130_fd_sc_hd__a21o_1)
     2    0.01                           _15062_ (net)
                  0.14    0.00    6.50 ^ _20042_/A (sky130_fd_sc_hd__nand2_1)
                  0.10    0.15    6.65 v _20042_/Y (sky130_fd_sc_hd__nand2_1)
     2    0.00                           _15064_ (net)
                  0.10    0.00    6.65 v _20045_/A1 (sky130_fd_sc_hd__a21boi_1)
                  0.29    0.30    6.95 ^ _20045_/Y (sky130_fd_sc_hd__a21boi_1)
     2    0.01                           _15067_ (net)
                  0.29    0.00    6.95 ^ _20051_/B1 (sky130_fd_sc_hd__a21o_1)
                  0.09    0.24    7.19 ^ _20051_/X (sky130_fd_sc_hd__a21o_1)
     2    0.01                           _15071_ (net)
                  0.09    0.00    7.19 ^ _20057_/A1 (sky130_fd_sc_hd__a21o_1)
                  0.13    0.27    7.46 ^ _20057_/X (sky130_fd_sc_hd__a21o_1)
     2    0.01                           _15075_ (net)
                  0.13    0.00    7.46 ^ _20062_/A (sky130_fd_sc_hd__nand2_1)
                  0.07    0.11    7.57 v _20062_/Y (sky130_fd_sc_hd__nand2_1)
     1    0.00                           _15078_ (net)
                  0.07    0.00    7.57 v _20063_/B1 (sky130_fd_sc_hd__o21ai_1)
                  0.31    0.19    7.76 ^ _20063_/Y (sky130_fd_sc_hd__o21ai_1)
     2    0.01                           _15079_ (net)
                  0.31    0.00    7.76 ^ _20068_/A (sky130_fd_sc_hd__and2_1)
                  0.09    0.31    8.08 ^ _20068_/X (sky130_fd_sc_hd__and2_1)
     1    0.00                           _15082_ (net)
                  0.09    0.00    8.08 ^ _20069_/B1 (sky130_fd_sc_hd__a21o_1)
                  0.13    0.20    8.28 ^ _20069_/X (sky130_fd_sc_hd__a21o_1)
     2    0.01                           _15083_ (net)
                  0.13    0.00    8.28 ^ _20075_/A1 (sky130_fd_sc_hd__a21o_1)
                  0.09    0.25    8.53 ^ _20075_/X (sky130_fd_sc_hd__a21o_1)
     2    0.01                           _15087_ (net)
                  0.09    0.00    8.53 ^ _20083_/A1 (sky130_fd_sc_hd__a21o_1)
                  0.13    0.26    8.79 ^ _20083_/X (sky130_fd_sc_hd__a21o_1)
     2    0.01                           _15093_ (net)
                  0.13    0.00    8.79 ^ _20089_/A1 (sky130_fd_sc_hd__a21o_1)
                  0.17    0.31    9.10 ^ _20089_/X (sky130_fd_sc_hd__a21o_1)
     2    0.01                           _15097_ (net)
                  0.17    0.00    9.10 ^ _20095_/A1 (sky130_fd_sc_hd__a21oi_2)
                  0.09    0.15    9.25 v _20095_/Y (sky130_fd_sc_hd__a21oi_2)
     2    0.01                           _15101_ (net)
                  0.09    0.00    9.25 v _20100_/B1 (sky130_fd_sc_hd__a21o_1)
                  0.08    0.30    9.55 v _20100_/X (sky130_fd_sc_hd__a21o_1)
     1    0.00                           _15104_ (net)
                  0.08    0.00    9.55 v _20101_/B1 (sky130_fd_sc_hd__o21ai_2)
                  0.32    0.15    9.71 ^ _20101_/Y (sky130_fd_sc_hd__o21ai_2)
     4    0.01                           _15105_ (net)
                  0.32    0.00    9.71 ^ _20124_/A (sky130_fd_sc_hd__nand3_1)
                  0.15    0.23    9.94 v _20124_/Y (sky130_fd_sc_hd__nand3_1)
     1    0.00                           _15120_ (net)
                  0.15    0.00    9.94 v _20125_/A_N (sky130_fd_sc_hd__nand3b_1)
                  0.17    0.40   10.34 v _20125_/Y (sky130_fd_sc_hd__nand3b_1)
     1    0.00                           _15121_ (net)
                  0.17    0.00   10.34 v _20127_/A (sky130_fd_sc_hd__nand2_2)
                  0.14    0.19   10.53 ^ _20127_/Y (sky130_fd_sc_hd__nand2_2)
     3    0.01                           _15123_ (net)
                  0.14    0.00   10.53 ^ _20139_/A (sky130_fd_sc_hd__nand3_2)
                  0.17    0.19   10.72 v _20139_/Y (sky130_fd_sc_hd__nand3_2)
     2    0.01                           _15131_ (net)
                  0.17    0.00   10.72 v _20153_/A2 (sky130_fd_sc_hd__o21bai_2)
                  0.19    0.25   10.97 ^ _20153_/Y (sky130_fd_sc_hd__o21bai_2)
     3    0.01                           _15141_ (net)
                  0.19    0.00   10.97 ^ _20157_/A (sky130_fd_sc_hd__nand2_1)
                  0.11    0.17   11.14 v _20157_/Y (sky130_fd_sc_hd__nand2_1)
     2    0.00                           _15143_ (net)
                  0.11    0.00   11.14 v _20161_/A1 (sky130_fd_sc_hd__a21oi_1)
                  0.18    0.23   11.36 ^ _20161_/Y (sky130_fd_sc_hd__a21oi_1)
     1    0.00                           _15147_ (net)
                  0.18    0.00   11.36 ^ _20163_/A (sky130_fd_sc_hd__nor2_1)
                  0.06    0.12   11.49 v _20163_/Y (sky130_fd_sc_hd__nor2_1)
     1    0.00                           _01676_ (net)
                  0.06    0.00   11.49 v _30338_/A1 (sky130_fd_sc_hd__mux2_1)
                  0.11    0.64   12.12 v _30338_/X (sky130_fd_sc_hd__mux2_1)
     1    0.00                           _01677_ (net)
                  0.11    0.00   12.12 v _30792_/A1 (sky130_fd_sc_hd__mux4_2)
                  0.15    1.02   13.14 v _30792_/X (sky130_fd_sc_hd__mux4_2)
     1    0.00                           _01678_ (net)
                  0.15    0.00   13.14 v _30339_/A0 (sky130_fd_sc_hd__mux2_1)
                  0.11    0.65   13.79 v _30339_/X (sky130_fd_sc_hd__mux2_1)
     1    0.00                           _02529_ (net)
                  0.11    0.00   13.79 v _15894_/A (sky130_fd_sc_hd__or2b_1)
                  0.10    0.50   14.29 v _15894_/X (sky130_fd_sc_hd__or2b_1)
     1    0.00                           _13098_ (net)
                  0.10    0.00   14.29 v _15895_/C1 (sky130_fd_sc_hd__o211a_1)
                  0.07    0.20   14.49 v _15895_/X (sky130_fd_sc_hd__o211a_1)
     1    0.00                           _03989_ (net)
                  0.07    0.00   14.49 v _32349_/D (sky130_fd_sc_hd__dfxtp_2)
                                 14.49   data arrival time

                  0.00   24.73   24.73   clock clk (rise edge)
                          0.00   24.73   clock network delay (ideal)
                          0.00   24.73   clock reconvergence pessimism
                                 24.73 ^ _32349_/CLK (sky130_fd_sc_hd__dfxtp_2)
                         -0.29   24.44   library setup time
                                 24.44   data required time
-----------------------------------------------------------------------------
                                 24.44   data required time
                                -14.49   data arrival time
-----------------------------------------------------------------------------
                                  9.95   slack (MET)


