Startpoint: _51997_ (rising edge-triggered flip-flop clocked by clk)
Endpoint: _51997_ (rising edge-triggered flip-flop clocked by clk)
Path Group: clk
Path Type: min

Fanout     Cap    Slew   Delay    Time   Description
-----------------------------------------------------------------------------
                  0.00    0.00    0.00   clock clk (rise edge)
                          0.00    0.00   clock network delay (ideal)
                  0.00    0.00    0.00 ^ _51997_/CLK (sky130_fd_sc_hd__dfxtp_2)
                  0.03    0.18    0.18 ^ _51997_/Q (sky130_fd_sc_hd__dfxtp_2)
     2    0.00                           cpuregs[0][0] (net)
                  0.03    0.00    0.18 ^ _32601_/A (sky130_fd_sc_hd__buf_1)
                  0.02    0.04    0.23 ^ _32601_/X (sky130_fd_sc_hd__buf_1)
     1    0.00                           _02835_ (net)
                  0.02    0.00    0.23 ^ _51997_/D (sky130_fd_sc_hd__dfxtp_2)
                                  0.23   data arrival time

                  0.00    0.00    0.00   clock clk (rise edge)
                          0.00    0.00   clock network delay (ideal)
                          0.00    0.00   clock reconvergence pessimism
                                  0.00 ^ _51997_/CLK (sky130_fd_sc_hd__dfxtp_2)
                         -0.02   -0.02   library hold time
                                 -0.02   data required time
-----------------------------------------------------------------------------
                                 -0.02   data required time
                                 -0.23   data arrival time
-----------------------------------------------------------------------------
                                  0.24   slack (MET)


Startpoint: _51704_ (rising edge-triggered flip-flop clocked by clk)
Endpoint: _53090_ (rising edge-triggered flip-flop clocked by clk)
Path Group: clk
Path Type: max

Fanout     Cap    Slew   Delay    Time   Description
-----------------------------------------------------------------------------
                  0.00    0.00    0.00   clock clk (rise edge)
                          0.00    0.00   clock network delay (ideal)
                  0.00    0.00    0.00 ^ _51704_/CLK (sky130_fd_sc_hd__dfxtp_2)
                  0.06    0.59    0.59 v _51704_/Q (sky130_fd_sc_hd__dfxtp_2)
     4    0.01                           irq_pending[0] (net)
                  0.06    0.00    0.59 v _25870_/A (sky130_vsdinv)
                  0.13    0.13    0.72 ^ _25870_/Y (sky130_vsdinv)
     2    0.01                           _21722_ (net)
                  0.13    0.00    0.72 ^ _25872_/A2 (sky130_fd_sc_hd__o22ai_2)
                  0.09    0.15    0.86 v _25872_/Y (sky130_fd_sc_hd__o22ai_2)
     1    0.00                           _21724_ (net)
                  0.09    0.00    0.86 v _25873_/C1 (sky130_fd_sc_hd__a221o_2)
                  0.08    0.55    1.41 v _25873_/X (sky130_fd_sc_hd__a221o_2)
     1    0.00                           _21725_ (net)
                  0.08    0.00    1.41 v _25892_/A (sky130_fd_sc_hd__or4_2)
                  0.21    1.53    2.94 v _25892_/X (sky130_fd_sc_hd__or4_2)
     1    0.00                           _21744_ (net)
                  0.21    0.00    2.94 v _25920_/A1 (sky130_fd_sc_hd__o2111a_2)
                  0.07    0.54    3.48 v _25920_/X (sky130_fd_sc_hd__o2111a_2)
     2    0.00                           _21772_ (net)
                  0.07    0.00    3.48 v _25921_/C (sky130_fd_sc_hd__or3_2)
                  0.17    0.97    4.45 v _25921_/X (sky130_fd_sc_hd__or3_2)
     2    0.00                           _21773_ (net)
                  0.17    0.00    4.45 v _25924_/A (sky130_fd_sc_hd__or2_2)
                  0.11    0.69    5.14 v _25924_/X (sky130_fd_sc_hd__or2_2)
     2    0.00                           _21776_ (net)
                  0.11    0.00    5.14 v _25925_/C (sky130_fd_sc_hd__or3_2)
                  0.17    0.98    6.12 v _25925_/X (sky130_fd_sc_hd__or3_2)
     2    0.00                           _21777_ (net)
                  0.17    0.00    6.12 v _27245_/B (sky130_fd_sc_hd__or2_2)
                  0.11    0.66    6.78 v _27245_/X (sky130_fd_sc_hd__or2_2)
     2    0.00                           _22921_ (net)
                  0.11    0.00    6.78 v _27246_/C (sky130_fd_sc_hd__or3_2)
                  0.17    0.98    7.76 v _27246_/X (sky130_fd_sc_hd__or3_2)
     2    0.00                           _22922_ (net)
                  0.17    0.00    7.76 v _27247_/B (sky130_fd_sc_hd__or2_2)
                  0.12    0.66    8.42 v _27247_/X (sky130_fd_sc_hd__or2_2)
     2    0.00                           _22923_ (net)
                  0.12    0.00    8.42 v _27248_/B (sky130_fd_sc_hd__or2_2)
                  0.12    0.64    9.05 v _27248_/X (sky130_fd_sc_hd__or2_2)
     2    0.00                           _22924_ (net)
                  0.12    0.00    9.05 v _27249_/B (sky130_fd_sc_hd__or2_2)
                  0.12    0.64    9.69 v _27249_/X (sky130_fd_sc_hd__or2_2)
     2    0.00                           _22925_ (net)
                  0.12    0.00    9.69 v _27250_/B (sky130_fd_sc_hd__or2_2)
                  0.12    0.64   10.33 v _27250_/X (sky130_fd_sc_hd__or2_2)
     2    0.00                           _22926_ (net)
                  0.12    0.00   10.33 v _27251_/B (sky130_fd_sc_hd__or2_2)
                  0.12    0.64   10.97 v _27251_/X (sky130_fd_sc_hd__or2_2)
     2    0.00                           _22927_ (net)
                  0.12    0.00   10.97 v _27252_/B (sky130_fd_sc_hd__or2_2)
                  0.12    0.64   11.61 v _27252_/X (sky130_fd_sc_hd__or2_2)
     2    0.00                           _22928_ (net)
                  0.12    0.00   11.61 v _27253_/B (sky130_fd_sc_hd__or2_2)
                  0.12    0.64   12.24 v _27253_/X (sky130_fd_sc_hd__or2_2)
     2    0.00                           _22929_ (net)
                  0.12    0.00   12.24 v _27254_/B (sky130_fd_sc_hd__or2_2)
                  0.12    0.64   12.88 v _27254_/X (sky130_fd_sc_hd__or2_2)
     2    0.00                           _22930_ (net)
                  0.12    0.00   12.88 v _27255_/B (sky130_fd_sc_hd__or2_2)
                  0.12    0.64   13.52 v _27255_/X (sky130_fd_sc_hd__or2_2)
     2    0.00                           _22931_ (net)
                  0.12    0.00   13.52 v _27256_/B (sky130_fd_sc_hd__or2_2)
                  0.12    0.64   14.16 v _27256_/X (sky130_fd_sc_hd__or2_2)
     2    0.00                           _22932_ (net)
                  0.12    0.00   14.16 v _27257_/B (sky130_fd_sc_hd__or2_2)
                  0.12    0.64   14.79 v _27257_/X (sky130_fd_sc_hd__or2_2)
     2    0.00                           _22933_ (net)
                  0.12    0.00   14.79 v _27258_/B (sky130_fd_sc_hd__or2_2)
                  0.12    0.64   15.43 v _27258_/X (sky130_fd_sc_hd__or2_2)
     2    0.00                           _22934_ (net)
                  0.12    0.00   15.43 v _27259_/B (sky130_fd_sc_hd__or2_2)
                  0.12    0.64   16.07 v _27259_/X (sky130_fd_sc_hd__or2_2)
     2    0.00                           _22935_ (net)
                  0.12    0.00   16.07 v _27260_/B (sky130_fd_sc_hd__or2_2)
                  0.12    0.64   16.71 v _27260_/X (sky130_fd_sc_hd__or2_2)
     2    0.00                           _22936_ (net)
                  0.12    0.00   16.71 v _27261_/B (sky130_fd_sc_hd__or2_2)
                  0.12    0.64   17.34 v _27261_/X (sky130_fd_sc_hd__or2_2)
     2    0.00                           _22937_ (net)
                  0.12    0.00   17.34 v _27262_/B (sky130_fd_sc_hd__or2_2)
                  0.12    0.64   17.98 v _27262_/X (sky130_fd_sc_hd__or2_2)
     2    0.00                           _22938_ (net)
                  0.12    0.00   17.98 v _27263_/B (sky130_fd_sc_hd__or2_2)
                  0.12    0.64   18.62 v _27263_/X (sky130_fd_sc_hd__or2_2)
     2    0.00                           _22939_ (net)
                  0.12    0.00   18.62 v _27264_/B (sky130_fd_sc_hd__or2_2)
                  0.12    0.64   19.26 v _27264_/X (sky130_fd_sc_hd__or2_2)
     2    0.00                           _22940_ (net)
                  0.12    0.00   19.26 v _27265_/B (sky130_fd_sc_hd__or2_2)
                  0.12    0.64   19.89 v _27265_/X (sky130_fd_sc_hd__or2_2)
     2    0.00                           _22941_ (net)
                  0.12    0.00   19.89 v _27266_/B (sky130_fd_sc_hd__or2_2)
                  0.12    0.64   20.53 v _27266_/X (sky130_fd_sc_hd__or2_2)
     2    0.00                           _22942_ (net)
                  0.12    0.00   20.53 v _27267_/B (sky130_fd_sc_hd__or2_2)
                  0.12    0.64   21.17 v _27267_/X (sky130_fd_sc_hd__or2_2)
     2    0.00                           _22943_ (net)
                  0.12    0.00   21.17 v _27268_/B (sky130_fd_sc_hd__or2_2)
                  0.12    0.64   21.81 v _27268_/X (sky130_fd_sc_hd__or2_2)
     2    0.00                           _22944_ (net)
                  0.12    0.00   21.81 v _27269_/B (sky130_fd_sc_hd__or2_2)
                  0.12    0.64   22.44 v _27269_/X (sky130_fd_sc_hd__or2_2)
     2    0.00                           _22945_ (net)
                  0.12    0.00   22.44 v _27270_/B (sky130_fd_sc_hd__or2_2)
                  0.12    0.64   23.08 v _27270_/X (sky130_fd_sc_hd__or2_2)
     2    0.00                           _22946_ (net)
                  0.12    0.00   23.08 v _27271_/B (sky130_fd_sc_hd__or2_2)
                  0.12    0.64   23.72 v _27271_/X (sky130_fd_sc_hd__or2_2)
     2    0.00                           _22947_ (net)
                  0.12    0.00   23.72 v _27272_/B (sky130_fd_sc_hd__or2_2)
                  0.12    0.64   24.36 v _27272_/X (sky130_fd_sc_hd__or2_2)
     2    0.00                           _22948_ (net)
                  0.12    0.00   24.36 v _27273_/B (sky130_fd_sc_hd__or2_2)
                  0.12    0.64   24.99 v _27273_/X (sky130_fd_sc_hd__or2_2)
     2    0.00                           _22949_ (net)
                  0.12    0.00   24.99 v _27274_/B (sky130_fd_sc_hd__or2_2)
                  0.12    0.64   25.63 v _27274_/X (sky130_fd_sc_hd__or2_2)
     2    0.00                           _22950_ (net)
                  0.12    0.00   25.63 v _27275_/B (sky130_fd_sc_hd__or2_2)
                  0.12    0.64   26.27 v _27275_/X (sky130_fd_sc_hd__or2_2)
     2    0.00                           _22951_ (net)
                  0.12    0.00   26.27 v _27276_/B (sky130_fd_sc_hd__or2_2)
                  0.12    0.64   26.91 v _27276_/X (sky130_fd_sc_hd__or2_2)
     2    0.00                           _22952_ (net)
                  0.12    0.00   26.91 v _27277_/B (sky130_fd_sc_hd__or2_2)
                  0.12    0.64   27.54 v _27277_/X (sky130_fd_sc_hd__or2_2)
     2    0.00                           _22953_ (net)
                  0.12    0.00   27.54 v _27278_/B (sky130_fd_sc_hd__or2_2)
                  0.12    0.64   28.18 v _27278_/X (sky130_fd_sc_hd__or2_2)
     2    0.00                           _22954_ (net)
                  0.12    0.00   28.18 v _27279_/B (sky130_fd_sc_hd__or2_2)
                  0.12    0.64   28.82 v _27279_/X (sky130_fd_sc_hd__or2_2)
     2    0.00                           _22955_ (net)
                  0.12    0.00   28.82 v _27280_/B (sky130_fd_sc_hd__or2_2)
                  0.12    0.64   29.46 v _27280_/X (sky130_fd_sc_hd__or2_2)
     2    0.00                           _22956_ (net)
                  0.12    0.00   29.46 v _27281_/B (sky130_fd_sc_hd__or2_2)
                  0.12    0.64   30.09 v _27281_/X (sky130_fd_sc_hd__or2_2)
     2    0.00                           _22957_ (net)
                  0.12    0.00   30.09 v _27282_/B (sky130_fd_sc_hd__or2_2)
                  0.12    0.64   30.73 v _27282_/X (sky130_fd_sc_hd__or2_2)
     2    0.00                           _22958_ (net)
                  0.12    0.00   30.73 v _27283_/B (sky130_fd_sc_hd__or2_2)
                  0.12    0.64   31.37 v _27283_/X (sky130_fd_sc_hd__or2_2)
     2    0.00                           _22959_ (net)
                  0.12    0.00   31.37 v _27284_/B (sky130_fd_sc_hd__or2_2)
                  0.12    0.64   32.01 v _27284_/X (sky130_fd_sc_hd__or2_2)
     2    0.00                           _22960_ (net)
                  0.12    0.00   32.01 v _27285_/B (sky130_fd_sc_hd__or2_2)
                  0.12    0.64   32.64 v _27285_/X (sky130_fd_sc_hd__or2_2)
     2    0.00                           _22961_ (net)
                  0.12    0.00   32.64 v _27286_/B (sky130_fd_sc_hd__or2_2)
                  0.12    0.64   33.28 v _27286_/X (sky130_fd_sc_hd__or2_2)
     2    0.00                           _22962_ (net)
                  0.12    0.00   33.28 v _27287_/B (sky130_fd_sc_hd__or2_2)
                  0.12    0.64   33.92 v _27287_/X (sky130_fd_sc_hd__or2_2)
     2    0.00                           _22963_ (net)
                  0.12    0.00   33.92 v _27288_/B (sky130_fd_sc_hd__or2_2)
                  0.12    0.64   34.56 v _27288_/X (sky130_fd_sc_hd__or2_2)
     2    0.00                           _22964_ (net)
                  0.12    0.00   34.56 v _27289_/B (sky130_fd_sc_hd__or2_2)
                  0.12    0.64   35.19 v _27289_/X (sky130_fd_sc_hd__or2_2)
     2    0.00                           _22965_ (net)
                  0.12    0.00   35.19 v _27290_/B (sky130_fd_sc_hd__or2_2)
                  0.12    0.64   35.83 v _27290_/X (sky130_fd_sc_hd__or2_2)
     2    0.00                           _22966_ (net)
                  0.12    0.00   35.83 v _27291_/B (sky130_fd_sc_hd__or2_2)
                  0.12    0.64   36.47 v _27291_/X (sky130_fd_sc_hd__or2_2)
     2    0.00                           _22967_ (net)
                  0.12    0.00   36.47 v _27292_/B (sky130_fd_sc_hd__or2_2)
                  0.12    0.64   37.11 v _27292_/X (sky130_fd_sc_hd__or2_2)
     2    0.00                           _22968_ (net)
                  0.12    0.00   37.11 v _27293_/B (sky130_fd_sc_hd__or2_2)
                  0.12    0.64   37.74 v _27293_/X (sky130_fd_sc_hd__or2_2)
     2    0.00                           _22969_ (net)
                  0.12    0.00   37.74 v _27294_/B (sky130_fd_sc_hd__or2_2)
                  0.12    0.64   38.38 v _27294_/X (sky130_fd_sc_hd__or2_2)
     2    0.00                           _22970_ (net)
                  0.12    0.00   38.38 v _27295_/B (sky130_fd_sc_hd__or2_2)
                  0.12    0.64   39.02 v _27295_/X (sky130_fd_sc_hd__or2_2)
     2    0.00                           _22971_ (net)
                  0.12    0.00   39.02 v _27296_/B (sky130_fd_sc_hd__or2_2)
                  0.12    0.64   39.66 v _27296_/X (sky130_fd_sc_hd__or2_2)
     2    0.00                           _22972_ (net)
                  0.12    0.00   39.66 v _27297_/B (sky130_fd_sc_hd__or2_2)
                  0.12    0.64   40.29 v _27297_/X (sky130_fd_sc_hd__or2_2)
     2    0.00                           _22973_ (net)
                  0.12    0.00   40.29 v _27298_/B (sky130_fd_sc_hd__or2_2)
                  0.12    0.64   40.93 v _27298_/X (sky130_fd_sc_hd__or2_2)
     2    0.00                           _22974_ (net)
                  0.12    0.00   40.93 v _27299_/B (sky130_fd_sc_hd__or2_2)
                  0.12    0.64   41.57 v _27299_/X (sky130_fd_sc_hd__or2_2)
     2    0.00                           _22975_ (net)
                  0.12    0.00   41.57 v _27300_/B (sky130_fd_sc_hd__or2_2)
                  0.12    0.64   42.21 v _27300_/X (sky130_fd_sc_hd__or2_2)
     2    0.00                           _22976_ (net)
                  0.12    0.00   42.21 v _27301_/B (sky130_fd_sc_hd__or2_2)
                  0.12    0.64   42.84 v _27301_/X (sky130_fd_sc_hd__or2_2)
     2    0.00                           _22977_ (net)
                  0.12    0.00   42.84 v _27302_/B (sky130_fd_sc_hd__or2_2)
                  0.12    0.64   43.48 v _27302_/X (sky130_fd_sc_hd__or2_2)
     2    0.00                           _22978_ (net)
                  0.12    0.00   43.48 v _27303_/B (sky130_fd_sc_hd__or2_2)
                  0.12    0.64   44.12 v _27303_/X (sky130_fd_sc_hd__or2_2)
     2    0.00                           _22979_ (net)
                  0.12    0.00   44.12 v _27304_/B (sky130_fd_sc_hd__or2_2)
                  0.12    0.64   44.76 v _27304_/X (sky130_fd_sc_hd__or2_2)
     2    0.00                           _22980_ (net)
                  0.12    0.00   44.76 v _27305_/B (sky130_fd_sc_hd__or2_2)
                  0.12    0.64   45.39 v _27305_/X (sky130_fd_sc_hd__or2_2)
     2    0.00                           _22981_ (net)
                  0.12    0.00   45.39 v _27306_/B (sky130_fd_sc_hd__or2_2)
                  0.12    0.65   46.04 v _27306_/X (sky130_fd_sc_hd__or2_2)
     2    0.00                           _22982_ (net)
                  0.12    0.00   46.04 v _27310_/B2 (sky130_fd_sc_hd__o221a_2)
                  0.07    0.44   46.48 v _27310_/X (sky130_fd_sc_hd__o221a_2)
     1    0.00                           _03928_ (net)
                  0.07    0.00   46.48 v _53090_/D (sky130_fd_sc_hd__dfxtp_2)
                                 46.48   data arrival time

                  0.00   24.73   24.73   clock clk (rise edge)
                          0.00   24.73   clock network delay (ideal)
                          0.00   24.73   clock reconvergence pessimism
                                 24.73 ^ _53090_/CLK (sky130_fd_sc_hd__dfxtp_2)
                         -0.29   24.44   library setup time
                                 24.44   data required time
-----------------------------------------------------------------------------
                                 24.44   data required time
                                -46.48   data arrival time
-----------------------------------------------------------------------------
                                -22.05   slack (VIOLATED)


